Microchip MPLAB XC8 Compiler V3.10

Linker command line:

-W-3 \
  --edf=C:/Program Files/Microchip/MPLABX/v6.35/packs/Microchip/PIC16F1xxxx_DFP/1.31.465/xc8\pic\dat\20260423105532_en.msgs \
  -cn \
  -h+dist/default/production\EstacionMonitoreoAmbiental.X.production.sym \
  --cmf=dist/default/production\EstacionMonitoreoAmbiental.X.production.cmf \
  -z -Q16F13145 \
  -oC:\Users\Usuario\AppData\Local\Temp\xcAsmao.0\driver_tmp_3.o \
  --defsym=__MPLAB_BUILD=1 --fixupoverflow=error \
  -Mdist/default/production/EstacionMonitoreoAmbiental.X.production.map \
  --md=C:\Users\Usuario\AppData\Local\Temp\xcAsmao.0\driver_tmp_0.dat -E1 \
  -ver=XC8 Compiler -ACODE=00h-07FFhx4 -ASTRCODE=00h-01FFFh \
  -ASTRING=00h-0FFhx32 -ACONST=00h-0FFhx32 -AENTRY=00h-0FFhx32 \
  -ACOMMON=070h-07Fh -ABANK0=020h-06Fh -ABANK1=0A0h-0EFh \
  -ABANK2=0120h-016Fh -ABANK3=01A0h-01EFh -ABANK4=0220h-026Fh \
  -ABANK5=02A0h-02EFh -ABANK6=0320h-036Fh -ABANK7=03A0h-03EFh \
  -ABANK8=0420h-046Fh -ABANK9=04A0h-04EFh -ABANK10=0520h-056Fh \
  -ABANK11=05A0h-05EFh -ABANK12=0620h-064Fh -ABIGRAM=02000h-023EFh \
  -ARAM=020h-06Fh,0A0h-0EFh,0120h-016Fh,01A0h-01EFh,0220h-026Fh,02A0h-02EFh,0320h-036Fh,03A0h-03EFh,0420h-046Fh,04A0h-04EFh,0520h-056Fh,05A0h-05EFh,0620h-064Fh \
  -AABS1=020h-07Fh,0A0h-0EFh,0120h-016Fh,01A0h-01EFh,0220h-026Fh,02A0h-02EFh,0320h-036Fh,03A0h-03EFh,0420h-046Fh,04A0h-04EFh,0520h-056Fh,05A0h-05EFh,0620h-064Fh \
  -ASFR0=00h-01Fh -ASFR1=080h-09Fh -ASFR2=0100h-011Fh -ASFR3=0180h-019Fh \
  -ASFR4=0200h-021Fh -ASFR5=0280h-029Fh -ASFR6=0300h-031Fh \
  -ASFR7=0380h-039Fh -ASFR8=0400h-041Fh -ASFR9=0480h-049Fh \
  -ASFR10=0500h-051Fh -ASFR11=0580h-059Fh -ASFR12=0600h-061Fh \
  -ASFR13=0680h-06EFh -ASFR14=0700h-076Fh -ASFR15=0780h-07EFh \
  -ASFR16=0800h-086Fh -ASFR17=0880h-08EFh -ASFR18=0900h-096Fh \
  -ASFR19=0980h-09EFh -ASFR20=0A00h-0A6Fh -ASFR21=0A80h-0AEFh \
  -ASFR22=0B00h-0B6Fh -ASFR23=0B80h-0BEFh -ASFR24=0C00h-0C6Fh \
  -ASFR25=0C80h-0CEFh -ASFR26=0D00h-0D6Fh -ASFR27=0D80h-0DEFh \
  -ASFR28=0E00h-0E6Fh -ASFR29=0E80h-0EEFh -ASFR30=0F00h-0F6Fh \
  -ASFR31=0F80h-0FEFh -ASFR32=01000h-0106Fh -ASFR33=01080h-010EFh \
  -ASFR34=01100h-0116Fh -ASFR35=01180h-011EFh -ASFR36=01200h-0126Fh \
  -ASFR37=01280h-012EFh -ASFR38=01300h-0136Fh -ASFR39=01380h-013EFh \
  -ASFR40=01400h-0146Fh -ASFR41=01480h-014EFh -ASFR42=01500h-0156Fh \
  -ASFR43=01580h-015EFh -ASFR44=01600h-0166Fh -ASFR45=01680h-016EFh \
  -ASFR46=01700h-0176Fh -ASFR47=01780h-017EFh -ASFR48=01800h-0186Fh \
  -ASFR49=01880h-018EFh -ASFR50=01900h-0196Fh -ASFR51=01980h-019EFh \
  -ASFR52=01A00h-01A6Fh -ASFR53=01A80h-01AEFh -ASFR54=01B00h-01B6Fh \
  -ASFR55=01B80h-01BEFh -ASFR56=01C00h-01C6Fh -ASFR57=01C80h-01CEFh \
  -ASFR58=01D00h-01D6Fh -ASFR59=01D80h-01DEFh -ASFR60=01E00h-01E6Fh \
  -ASFR61=01E80h-01EEFh -ASFR62=01F00h-01F6Fh -ASFR63=01F80h-01FEFh \
  -ACONFIG=08007h-0800Bh -DCONFIG=2 -AIDLOC=08000h-08003h -DIDLOC=2 \
  -DCODE=2 -DSTRCODE=2 -DSTRING=2 -DCONST=2 -DENTRY=2 \
  -preset_vec=00h,intentry=04h,sivt,init,end_init -ppowerup=CODE \
  -pcinit=CODE -pfunctab=ENTRY -k \
  C:\Users\Usuario\AppData\Local\Temp\xcAsmao.0\driver_tmp_12.o \
  dist/default/production\EstacionMonitoreoAmbiental.X.production.o 

Object code version is 3.11

Machine type is 16F13145



                Name                               Link     Load   Length Selector   Space Scale
C:\Users\Usuario\AppData\Local\Temp\xcAsmao.0\driver_tmp_12.o
                end_init                             28       28        2        8       0
                reset_vec                             0        0        2        0       0
                config                             8007     8007        5        0       4
dist/default/production\EstacionMonitoreoAmbiental.X.production.o
                cinit                                2A       2A       15        8       0
                intentry                              4        4       24        8       0
                config                             8007     8007        5        0       4
                text54                              F47      F47       11     1E8E       0
                text53                              77F      77F       2B      CAE       0
                text52                              E8F      E8F        4     1D1E       0
                text51                              ECA      ECA        7     1D94       0
                text50                              EA0      EA0        6     1D40       0
                text49                              724      724       2F      CAE       0
                text48                              EA6      EA6        6     1D4C       0
                text47                              EAC      EAC        6     1D58       0
                text46                              ED1      ED1        7     1DA2       0
                text45                              ED8      ED8        7     1DB0       0
                text44                              F84      F84       1C     1F08       0
                text43                              E93      E93        4     1D26       0
                text42                              5E5      5E5       3B        8       0
                text41                              E97      E97        4     1D2E       0
                text39                              753      753       2C      CAE       0
                text38                              11E      11E       8C        8       0
                text37                              308      308       5C        8       0
                text36                              3BD      3BD       51        8       0
                text35                              68C      68C       34      CAE       0
                text34                              1AA      1AA       81        8       0
                text33                              EB2      EB2        6     1D64       0
                text32                              E8C      E8C        3     1D18       0
                text31                              EB8      EB8        6     1D70       0
                text30                              7D2      7D2       27      CAE       0
                text29                              7AA      7AA       28      CAE       0
                text28                              56E      56E       3C        8       0
                text27                              EDF      EDF        9     1DBE       0
                text26                              EF3      EF3        C     1DE6       0
                text25                              EFF      EFF        C     1DFE       0
                text24                              FA0      FA0       1D     1F40       0
                text23                              F19      F19        F     1E32       0
                text22                              EBE      EBE        6     1D7C       0
                text21                              EE8      EE8        B     1DD0       0
                text20                              4EF      4EF       42        8       0
                text19                              F37      F37       10     1E6E       0
                text18                              F28      F28        F     1E50       0
                text17                              E9B      E9B        5     1D36       0
                text16                              F0B      F0B        E     1E16       0
                text15                              F6D      F6D       17     1EDA       0
                text14                              5AA      5AA       3B        8       0
                text13                              6F2      6F2       32      CAE       0
                text12                              45C      45C       4A        8       0
                text11                              364      364       59        8       0
                text10                              4A6      4A6       49        8       0
                text9                               2A6      2A6       62        8       0
                text8                               657      657       35      CAE       0
                text7                               40E      40E       4E        8       0
                text6                               FDD      FDD       23     1FBA       0
                text5                               6C0      6C0       32      CAE       0
                text4                               FBD      FBD       20     1F7A       0
                text3                               531      531       3D        8       0
                text2                               F58      F58       15     1EB0       0
                text1                               22B      22B       7B        8       0
                maintext                             3F       3F       DF        8       0
                cstackBANK0                          50       50       20       20       1
                cstackCOMMON                         70       70        9       70       1
                cstackBANK1                          A6       A6        2       A0       1
                clrtext                             EC4      EC4        6     1D88       0
                bssBANK1                             A0       A0        6       A0       1
                bssBANK0                             20       20       30       20       1
                bssCOMMON                            79       79        2       70       1
                stringtext16                       10DB     10DB        5     2000       0
                stringtext15                       10D5     10D5        6     2000       0
                stringtext14                       10CE     10CE        7     2000       0
                stringtext13                       10C3     10C3        B     2000       0
                stringtext12                       10B6     10B6        D     2000       0
                stringtext11                       10A8     10A8        E     2000       0
                stringtext10                       109A     109A        E     2000       0
                stringtext9                        108B     108B        F     2000       0
                stringtext8                        107A     107A       11     2000       0
                stringtext7                        1068     1068       12     2000       0
                stringtext6                        103F     103F       15     2000       0
                stringtext5                        1020     1020       1F     2000       0
                stringtext4                        1000     1000       20     2000       0
                stringtext3                         7F9      7F9       25      FF2       0
                stringtext2                         620      620       37      C40       0
                stringtext1                        1054     1054       14     2000       0

TOTAL           Name                               Link     Load   Length     Space
        CLASS   CODE           
                end_init                             28       28        2         0
                cinit                                2A       2A       15         0
                intentry                              4        4       24         0
                reset_vec                             0        0        2         0
                text54                              F47      F47       11         0
                text53                              77F      77F       2B         0
                text52                              E8F      E8F        4         0
                text51                              ECA      ECA        7         0
                text50                              EA0      EA0        6         0
                text49                              724      724       2F         0
                text48                              EA6      EA6        6         0
                text47                              EAC      EAC        6         0
                text46                              ED1      ED1        7         0
                text45                              ED8      ED8        7         0
                text44                              F84      F84       1C         0
                text43                              E93      E93        4         0
                text42                              5E5      5E5       3B         0
                text41                              E97      E97        4         0
                text39                              753      753       2C         0
                text38                              11E      11E       8C         0
                text37                              308      308       5C         0
                text36                              3BD      3BD       51         0
                text35                              68C      68C       34         0
                text34                              1AA      1AA       81         0
                text33                              EB2      EB2        6         0
                text32                              E8C      E8C        3         0
                text31                              EB8      EB8        6         0
                text30                              7D2      7D2       27         0
                text29                              7AA      7AA       28         0
                text28                              56E      56E       3C         0
                text27                              EDF      EDF        9         0
                text26                              EF3      EF3        C         0
                text25                              EFF      EFF        C         0
                text24                              FA0      FA0       1D         0
                text23                              F19      F19        F         0
                text22                              EBE      EBE        6         0
                text21                              EE8      EE8        B         0
                text20                              4EF      4EF       42         0
                text19                              F37      F37       10         0
                text18                              F28      F28        F         0
                text17                              E9B      E9B        5         0
                text16                              F0B      F0B        E         0
                text15                              F6D      F6D       17         0
                text14                              5AA      5AA       3B         0
                text13                              6F2      6F2       32         0
                text12                              45C      45C       4A         0
                text11                              364      364       59         0
                text10                              4A6      4A6       49         0
                text9                               2A6      2A6       62         0
                text8                               657      657       35         0
                text7                               40E      40E       4E         0
                text6                               FDD      FDD       23         0
                text5                               6C0      6C0       32         0
                text4                               FBD      FBD       20         0
                text3                               531      531       3D         0
                text2                               F58      F58       15         0
                text1                               22B      22B       7B         0
                maintext                             3F       3F       DF         0
                clrtext                             EC4      EC4        6         0

        CLASS   STRCODE        
                stringtext16                       10DB     10DB        5         0
                stringtext15                       10D5     10D5        6         0
                stringtext14                       10CE     10CE        7         0
                stringtext13                       10C3     10C3        B         0
                stringtext12                       10B6     10B6        D         0
                stringtext11                       10A8     10A8        E         0
                stringtext10                       109A     109A        E         0
                stringtext9                        108B     108B        F         0
                stringtext8                        107A     107A       11         0
                stringtext7                        1068     1068       12         0
                stringtext6                        103F     103F       15         0
                stringtext5                        1020     1020       1F         0
                stringtext4                        1000     1000       20         0
                stringtext3                         7F9      7F9       25         0
                stringtext2                         620      620       37         0
                stringtext1                        1054     1054       14         0

        CLASS   STRING         

        CLASS   CONST          

        CLASS   ENTRY          

        CLASS   COMMON         
                cstackCOMMON                         70       70        9         1
                bssCOMMON                            79       79        2         1

        CLASS   BANK0          
                cstackBANK0                          50       50       20         1
                bssBANK0                             20       20       30         1

        CLASS   BANK1          
                cstackBANK1                          A6       A6        2         1
                bssBANK1                             A0       A0        6         1

        CLASS   BANK2          

        CLASS   BANK3          

        CLASS   BANK4          

        CLASS   BANK5          

        CLASS   BANK6          

        CLASS   BANK7          

        CLASS   BANK8          

        CLASS   BANK9          

        CLASS   BANK10         

        CLASS   BANK11         

        CLASS   BANK12         

        CLASS   BIGRAM         

        CLASS   RAM            

        CLASS   ABS1           
                abs_s1                               7E       7E        2         1

        CLASS   SFR0           

        CLASS   SFR1           

        CLASS   SFR2           

        CLASS   SFR3           

        CLASS   SFR4           

        CLASS   SFR5           

        CLASS   SFR6           

        CLASS   SFR7           

        CLASS   SFR8           

        CLASS   SFR9           

        CLASS   SFR10          

        CLASS   SFR11          

        CLASS   SFR12          

        CLASS   SFR13          

        CLASS   SFR14          

        CLASS   SFR15          

        CLASS   SFR16          

        CLASS   SFR17          

        CLASS   SFR18          

        CLASS   SFR19          

        CLASS   SFR20          

        CLASS   SFR21          

        CLASS   SFR22          

        CLASS   SFR23          

        CLASS   SFR24          

        CLASS   SFR25          

        CLASS   SFR26          

        CLASS   SFR27          

        CLASS   SFR28          

        CLASS   SFR29          

        CLASS   SFR30          

        CLASS   SFR31          

        CLASS   SFR32          

        CLASS   SFR33          

        CLASS   SFR34          

        CLASS   SFR35          

        CLASS   SFR36          

        CLASS   SFR37          

        CLASS   SFR38          

        CLASS   SFR39          

        CLASS   SFR40          

        CLASS   SFR41          

        CLASS   SFR42          

        CLASS   SFR43          

        CLASS   SFR44          

        CLASS   SFR45          

        CLASS   SFR46          

        CLASS   SFR47          

        CLASS   SFR48          

        CLASS   SFR49          

        CLASS   SFR50          

        CLASS   SFR51          

        CLASS   SFR52          

        CLASS   SFR53          

        CLASS   SFR54          

        CLASS   SFR55          

        CLASS   SFR56          

        CLASS   SFR57          

        CLASS   SFR58          

        CLASS   SFR59          

        CLASS   SFR60          

        CLASS   SFR61          

        CLASS   SFR62          

        CLASS   SFR63          

        CLASS   CONFIG         
                config                             8007     8007        5         4

        CLASS   IDLOC          

        CLASS   BANK63         

        CLASS   BANK62         

        CLASS   BANK61         

        CLASS   BANK60         

        CLASS   BANK59         

        CLASS   BANK58         

        CLASS   BANK57         

        CLASS   BANK56         

        CLASS   BANK55         

        CLASS   BANK54         

        CLASS   BANK53         

        CLASS   BANK52         

        CLASS   BANK51         

        CLASS   BANK50         

        CLASS   BANK49         

        CLASS   BANK48         

        CLASS   BANK47         

        CLASS   BANK46         

        CLASS   BANK45         

        CLASS   BANK44         

        CLASS   BANK43         

        CLASS   BANK42         

        CLASS   BANK41         

        CLASS   BANK40         

        CLASS   BANK39         

        CLASS   BANK38         

        CLASS   BANK37         

        CLASS   BANK36         

        CLASS   BANK35         

        CLASS   BANK34         

        CLASS   BANK33         

        CLASS   BANK32         

        CLASS   BANK31         

        CLASS   BANK30         

        CLASS   BANK29         

        CLASS   BANK28         

        CLASS   BANK27         

        CLASS   BANK26         

        CLASS   BANK25         

        CLASS   BANK24         

        CLASS   BANK23         

        CLASS   BANK22         

        CLASS   BANK21         

        CLASS   BANK20         

        CLASS   BANK19         

        CLASS   BANK18         

        CLASS   BANK17         

        CLASS   BANK16         

        CLASS   BANK15         

        CLASS   BANK14         

        CLASS   BANK13         

        CLASS   HEAP           

        CLASS   STACK          

        CLASS   EEDATA         



SEGMENTS        Name                           Load    Length   Top    Selector   Space  Class     Delta

                reset_vec                      000000  000002  000002         0       0  CODE        2
                intentry                       000004  00061C  000620         8       0  CODE        2
                bssBANK0                       000020  000050  000070        20       1  BANK0       1
                cstackCOMMON                   000070  00000B  00007B        70       1  COMMON      1
                bssBANK1                       0000A0  000008  0000A8        A0       1  BANK1       1
                stringtext2                    000620  000037  000657       C40       0  STRCODE     2
                text8                          000657  0001A2  0007F9       CAE       0  CODE        2
                stringtext3                    0007F9  000025  00081E       FF2       0  STRCODE     2
                text32                         000E8C  000003  000E8F      1D18       0  CODE        2
                text52                         000E8F  000004  000E93      1D1E       0  CODE        2
                text43                         000E93  000004  000E97      1D26       0  CODE        2
                text41                         000E97  000004  000E9B      1D2E       0  CODE        2
                text17                         000E9B  000005  000EA0      1D36       0  CODE        2
                text50                         000EA0  000006  000EA6      1D40       0  CODE        2
                text48                         000EA6  000006  000EAC      1D4C       0  CODE        2
                text47                         000EAC  000006  000EB2      1D58       0  CODE        2
                text33                         000EB2  000006  000EB8      1D64       0  CODE        2
                text31                         000EB8  000006  000EBE      1D70       0  CODE        2
                text22                         000EBE  000006  000EC4      1D7C       0  CODE        2
                clrtext                        000EC4  000006  000ECA      1D88       0  CODE        2
                text51                         000ECA  000007  000ED1      1D94       0  CODE        2
                text46                         000ED1  000007  000ED8      1DA2       0  CODE        2
                text45                         000ED8  000007  000EDF      1DB0       0  CODE        2
                text27                         000EDF  000009  000EE8      1DBE       0  CODE        2
                text21                         000EE8  00000B  000EF3      1DD0       0  CODE        2
                text26                         000EF3  00000C  000EFF      1DE6       0  CODE        2
                text25                         000EFF  00000C  000F0B      1DFE       0  CODE        2
                text16                         000F0B  00000E  000F19      1E16       0  CODE        2
                text23                         000F19  00000F  000F28      1E32       0  CODE        2
                text18                         000F28  00000F  000F37      1E50       0  CODE        2
                text19                         000F37  000010  000F47      1E6E       0  CODE        2
                text54                         000F47  000011  000F58      1E8E       0  CODE        2
                text2                          000F58  000015  000F6D      1EB0       0  CODE        2
                text15                         000F6D  000017  000F84      1EDA       0  CODE        2
                text44                         000F84  00001C  000FA0      1F08       0  CODE        2
                text24                         000FA0  00001D  000FBD      1F40       0  CODE        2
                text4                          000FBD  000020  000FDD      1F7A       0  CODE        2
                text6                          000FDD  000023  001000      1FBA       0  CODE        2
                stringtext4                    001000  0000E0  0010E0      2000       0  STRCODE     2


UNUSED ADDRESS RANGES

        Name                Unused          Largest block    Delta
        BANK1            000A8-000EF              48           1
        BANK10           00520-0056F              50           1
        BANK11           005A0-005EF              50           1
        BANK12           00620-0064F              30           1
        BANK2            00120-0016F              50           1
        BANK3            001A0-001EF              50           1
        BANK4            00220-0026F              50           1
        BANK5            002A0-002EF              50           1
        BANK6            00320-0036F              50           1
        BANK7            003A0-003EF              50           1
        BANK8            00420-0046F              50           1
        BANK9            004A0-004EF              50           1
        BIGRAM           02000-023EF             3F0           1
        CODE             00002-00003               2           2
                         0081E-00E8B             66E
                         010E0-01FFF             720
        COMMON           0007B-0007D               3           1
        CONST            00002-00003               2           2
                         0081E-00E8B             100
                         010E0-01FFF             100
        ENTRY            00002-00003               2           2
                         0081E-00E8B             100
                         010E0-01FFF             100
        IDLOC            08000-08003               4           2
        RAM              000A8-000EF              48           1
                         00120-0016F              50
                         001A0-001EF              50
                         00220-0026F              50
                         002A0-002EF              50
                         00320-0036F              50
                         003A0-003EF              50
                         00420-0046F              50
                         004A0-004EF              50
                         00520-0056F              50
                         005A0-005EF              50
                         00620-0064F              30
        SFR0             00000-0001F              20           1
        SFR1             00080-0009F              20           1
        SFR10            00500-0051F              20           1
        SFR11            00580-0059F              20           1
        SFR12            00600-0061F              20           1
        SFR13            00680-006EF              70           1
        SFR14            00700-0076F              70           1
        SFR15            00780-007EF              70           1
        SFR16            00800-0086F              70           1
        SFR17            00880-008EF              70           1
        SFR18            00900-0096F              70           1
        SFR19            00980-009EF              70           1
        SFR2             00100-0011F              20           1
        SFR20            00A00-00A6F              70           1
        SFR21            00A80-00AEF              70           1
        SFR22            00B00-00B6F              70           1
        SFR23            00B80-00BEF              70           1
        SFR24            00C00-00C6F              70           1
        SFR25            00C80-00CEF              70           1
        SFR26            00D00-00D6F              70           1
        SFR27            00D80-00DEF              70           1
        SFR28            00E00-00E6F              70           1
        SFR29            00E80-00EEF              70           1
        SFR3             00180-0019F              20           1
        SFR30            00F00-00F6F              70           1
        SFR31            00F80-00FEF              70           1
        SFR32            01000-0106F              70           1
        SFR33            01080-010EF              70           1
        SFR34            01100-0116F              70           1
        SFR35            01180-011EF              70           1
        SFR36            01200-0126F              70           1
        SFR37            01280-012EF              70           1
        SFR38            01300-0136F              70           1
        SFR39            01380-013EF              70           1
        SFR4             00200-0021F              20           1
        SFR40            01400-0146F              70           1
        SFR41            01480-014EF              70           1
        SFR42            01500-0156F              70           1
        SFR43            01580-015EF              70           1
        SFR44            01600-0166F              70           1
        SFR45            01680-016EF              70           1
        SFR46            01700-0176F              70           1
        SFR47            01780-017EF              70           1
        SFR48            01800-0186F              70           1
        SFR49            01880-018EF              70           1
        SFR5             00280-0029F              20           1
        SFR50            01900-0196F              70           1
        SFR51            01980-019EF              70           1
        SFR52            01A00-01A6F              70           1
        SFR53            01A80-01AEF              70           1
        SFR54            01B00-01B6F              70           1
        SFR55            01B80-01BEF              70           1
        SFR56            01C00-01C6F              70           1
        SFR57            01C80-01CEF              70           1
        SFR58            01D00-01D6F              70           1
        SFR59            01D80-01DEF              70           1
        SFR6             00300-0031F              20           1
        SFR60            01E00-01E6F              70           1
        SFR61            01E80-01EEF              70           1
        SFR62            01F00-01F6F              70           1
        SFR63            01F80-01FEF              70           1
        SFR7             00380-0039F              20           1
        SFR8             00400-0041F              20           1
        SFR9             00480-0049F              20           1
        STRCODE          00002-00003               2           2
                         0081E-00E8B             66E
                         010E0-01FFF             F20
        STRING           00002-00003               2           2
                         0081E-00E8B             100
                         010E0-01FFF             100

                                  Symbol Table

?___aldiv                                            cstackBANK0  00058
?___awdiv                                            cstackCOMMON 00073
?___awmod                                            cstackCOMMON 00073
?___lldiv                                            cstackBANK0  00058
?___llmod                                            cstackBANK0  00050
?___lmul                                             cstackBANK0  00050
?___lwdiv                                            cstackCOMMON 00073
?___lwmod                                            cstackCOMMON 00073
Delay_Long@delay                                     cstackCOMMON 00073
EUSART1_FramingErrorCallbackRegister@callbackHandler cstackCOMMON 00073
EUSART1_OverrunErrorCallbackRegister@callbackHandler cstackCOMMON 00073
EUSART1_Write@txData                                 cstackCOMMON 00073
I2C1_EVENT_ERROR@retEventState                       cstackCOMMON 00070
I2C1_EVENT_NACK@retEventState                        cstackCOMMON 00070
I2C1_EVENT_RX@retEventState                          cstackCOMMON 00070
I2C1_EVENT_TX@retEventState                          cstackCOMMON 00070
I2C1_ErrorGet@retErrorState                          cstackCOMMON 00073
I2C1_Write@address                                   cstackCOMMON 00073
I2C1_Write@data                                      cstackCOMMON 00075
I2C1_Write@dataLength                                cstackCOMMON 00076
I2C1_Write@retStatus                                 cstackCOMMON 00078
I2C1_WriteRead@address                               cstackBANK0  00050
I2C1_WriteRead@readData                              cstackBANK0  00055
I2C1_WriteRead@readLength                            cstackBANK0  00056
I2C1_WriteRead@retStatus                             cstackCOMMON 00073
I2C1_WriteRead@writeData                             cstackBANK0  00052
I2C1_WriteRead@writeLength                           cstackBANK0  00053
I2C_WaitComplete@timeout                             cstackCOMMON 00073
INT_SetInterruptHandler@InterruptHandler             cstackCOMMON 00073
MCP9808_ProcessTemperature@centi                     cstackBANK0  0006C
MCP9808_ProcessTemperature@raw                       cstackBANK0  00066
MCP9808_ProcessTemperature@temperature_raw           cstackBANK0  0006A
MCP9808_ReadTemperatureRaw@value                     cstackBANK0  00058
UART_WriteChar@c                                     cstackCOMMON 00074
UART_WriteString@text                                cstackCOMMON 00075
UART_WriteUInt16@buffer                              cstackBANK0  00055
UART_WriteUInt16@i                                   cstackBANK0  0005B
UART_WriteUInt16@value                               cstackBANK0  00053
UART_WriteUInt32@buffer                              cstackBANK0  00064
UART_WriteUInt32@i                                   cstackBANK0  0006F
UART_WriteUInt32@value                               cstackBANK0  00060
VCNL4200_Initialize@ok                               cstackBANK0  00053
VCNL4200_ReadID@id                                   cstackBANK0  00059
VCNL4200_ReadRegister16@reg                          cstackCOMMON 00077
VCNL4200_ReadRegister16@value                        cstackBANK0  00058
VCNL4200_ReadSensors@ambient                         cstackBANK0  00060
VCNL4200_WriteRegister16@high                        cstackBANK0  00051
VCNL4200_WriteRegister16@low                         cstackBANK0  00050
VCNL4200_WriteRegister16@reg                         cstackBANK0  00052
_ANSELA                                              (abs)        01E8C
_ANSELB                                              (abs)        01E96
_ANSELC                                              (abs)        01EA0
_BAUD1CON                                            (abs)        00712
_BAUD1CONbits                                        (abs)        00712
_CLOCK_Initialize                                    text27       00EDF
_Delay_Long                                          text39       00753
_EUSART1_DefaultFramingErrorCallback                 (abs)        00000
_EUSART1_DefaultOverrunErrorCallback                 (abs)        00000
_EUSART1_FramingErrorCallbackRegister                text26       00EF3
_EUSART1_FramingErrorHandler                         bssBANK0     00037
_EUSART1_Initialize                                  text24       00FA0
_EUSART1_IsTxReady                                   text18       00F28
_EUSART1_IsTxReady$1126                              cstackCOMMON 00073
_EUSART1_OverrunErrorCallbackRegister                text25       00EFF
_EUSART1_OverrunErrorHandler                         bssBANK0     00035
_EUSART1_Write                                       text17       00E9B
_I2C1_Callback                                       bssBANK0     00047
_I2C1_CallbackRegister                               (abs)        00000
_I2C1_Close                                          text54       00F47
_I2C1_Deinitialize                                   (abs)        00000
_I2C1_ERROR_ISR                                      text43       00E93
_I2C1_EVENT_ERROR                                    text47       00EAC
_I2C1_EVENT_IDLE                                     text52       00E8F
_I2C1_EVENT_NACK                                     text48       00EA6
_I2C1_EVENT_RESET                                    text45       00ED8
_I2C1_EVENT_RX                                       text49       00724
_I2C1_EVENT_SEND_RD_ADDR                             text51       00ECA
_I2C1_EVENT_SEND_WR_ADDR                             text50       00EA0
_I2C1_EVENT_STOP                                     text46       00ED1
_I2C1_EVENT_TX                                       text53       0077F
_I2C1_ErrorEventHandler                              text44       00F84
_I2C1_ErrorGet                                       text33       00EB2
_I2C1_EventHandler                                   text42       005E5
_I2C1_ISR                                            text41       00E97
_I2C1_Initialize                                     text23       00F19
_I2C1_IsBusy                                         text32       00E8C
_I2C1_Read                                           (abs)        00000
_I2C1_Write                                          text6        00FDD
_I2C1_WriteRead                                      text30       007D2
_I2C1_WriteStart                                     text31       00EB8
_I2C_WaitComplete                                    text29       007AA
_INLVLA                                              (abs)        01E90
_INLVLB                                              (abs)        01E9A
_INLVLC                                              (abs)        01EA4
_INTCONbits                                          (abs)        0000B
_INTERRUPT_Initialize                                text21       00EE8
_INTERRUPT_InterruptManager                          intentry     00004
_INT_DefaultInterruptHandler                         (abs)        00000
_INT_InterruptHandler                                bssBANK0     00045
_INT_SetInterruptHandler                             text22       00EBE
_IOCAF                                               (abs)        01E93
_IOCAN                                               (abs)        01E92
_IOCAP                                               (abs)        01E91
_IOCBF                                               (abs)        01E9D
_IOCBN                                               (abs)        01E9C
_IOCBP                                               (abs)        01E9B
_IOCCF                                               (abs)        01EA7
_IOCCN                                               (abs)        01EA6
_IOCCP                                               (abs)        01EA5
_LATA                                                (abs)        00018
_LATB                                                (abs)        00019
_LATC                                                (abs)        0001A
_MCP9808_ProcessTemperature                          text34       001AA
_MCP9808_ReadTemperatureRaw                          text28       0056E
_ODCONA                                              (abs)        01E8E
_ODCONB                                              (abs)        01E98
_ODCONC                                              (abs)        01EA2
_OSCCON1                                             (abs)        0028D
_OSCCON3                                             (abs)        0028F
_OSCEN                                               (abs)        00291
_OSCFRQ                                              (abs)        00293
_OSCTUNE                                             (abs)        00292
_PIE5bits                                            (abs)        0009B
_PIN_MANAGER_Initialize                              text20       004EF
_PIR0bits                                            (abs)        0008C
_PIR4bits                                            (abs)        00090
_PIR5bits                                            (abs)        00091
_RB4PPS                                              (abs)        01D98
_RB6PPS                                              (abs)        01D9A
_RC1REG                                              (abs)        0070C
_RC1STA                                              (abs)        00710
_RC1STAbits                                          (abs)        00710
_RC4PPS                                              (abs)        01DA0
_RX1PPS                                              (abs)        01E42
_SLRCONA                                             (abs)        01E8F
_SLRCONB                                             (abs)        01E99
_SLRCONC                                             (abs)        01EA3
_SP1BRGH                                             (abs)        0070F
_SP1BRGL                                             (abs)        0070E
_SSP1ADD                                             (abs)        0078D
_SSP1BUF                                             (abs)        0078C
_SSP1CLKPPS                                          (abs)        01E47
_SSP1CON1                                            (abs)        00790
_SSP1CON1bits                                        (abs)        00790
_SSP1CON2                                            (abs)        00791
_SSP1CON2bits                                        (abs)        00791
_SSP1CON3                                            (abs)        00792
_SSP1DATPPS                                          (abs)        01E48
_SSP1STAT                                            (abs)        0078F
_SSP1STATbits                                        (abs)        0078F
_SYSTEM_Initialize                                   text19       00F37
_TRISA                                               (abs)        00012
_TRISB                                               (abs)        00013
_TRISC                                               (abs)        00014
_TX1REG                                              (abs)        0070D
_TX1STA                                              (abs)        00711
_TX1STAbits                                          (abs)        00711
_UART_WriteChar                                      text16       00F0B
_UART_WriteLight                                     text8        00657
_UART_WriteString                                    text15       00F6D
_UART_WriteTemperature                               text7        0040E
_UART_WriteTemperature$886                           cstackBANK0  0005E
_UART_WriteUInt16                                    text12       0045C
_UART_WriteUInt32                                    text9        002A6
_VCNL4200_Initialize                                 text4        00FBD
_VCNL4200_ReadID                                     text2        00F58
_VCNL4200_ReadRegister16                             text3        00531
_VCNL4200_ReadSensors                                text1        0022B
_VCNL4200_WriteRegister16                            text5        006C0
_WPUA                                                (abs)        01E8D
_WPUB                                                (abs)        01E97
_WPUC                                                (abs)        01EA1
__H__absolute__                                      __absolute__ 00000
__Habs1                                              abs1         00000
__Hbank0                                             bank0        00000
__Hbank1                                             bank1        00000
__Hbank10                                            bank10       00000
__Hbank11                                            bank11       00000
__Hbank12                                            bank12       00000
__Hbank13                                            bank13       00000
__Hbank14                                            bank14       00000
__Hbank15                                            bank15       00000
__Hbank16                                            bank16       00000
__Hbank17                                            bank17       00000
__Hbank18                                            bank18       00000
__Hbank19                                            bank19       00000
__Hbank2                                             bank2        00000
__Hbank20                                            bank20       00000
__Hbank21                                            bank21       00000
__Hbank22                                            bank22       00000
__Hbank23                                            bank23       00000
__Hbank24                                            bank24       00000
__Hbank25                                            bank25       00000
__Hbank26                                            bank26       00000
__Hbank27                                            bank27       00000
__Hbank28                                            bank28       00000
__Hbank29                                            bank29       00000
__Hbank3                                             bank3        00000
__Hbank30                                            bank30       00000
__Hbank31                                            bank31       00000
__Hbank32                                            bank32       00000
__Hbank33                                            bank33       00000
__Hbank34                                            bank34       00000
__Hbank35                                            bank35       00000
__Hbank36                                            bank36       00000
__Hbank37                                            bank37       00000
__Hbank38                                            bank38       00000
__Hbank39                                            bank39       00000
__Hbank4                                             bank4        00000
__Hbank40                                            bank40       00000
__Hbank41                                            bank41       00000
__Hbank42                                            bank42       00000
__Hbank43                                            bank43       00000
__Hbank44                                            bank44       00000
__Hbank45                                            bank45       00000
__Hbank46                                            bank46       00000
__Hbank47                                            bank47       00000
__Hbank48                                            bank48       00000
__Hbank49                                            bank49       00000
__Hbank5                                             bank5        00000
__Hbank50                                            bank50       00000
__Hbank51                                            bank51       00000
__Hbank52                                            bank52       00000
__Hbank53                                            bank53       00000
__Hbank54                                            bank54       00000
__Hbank55                                            bank55       00000
__Hbank56                                            bank56       00000
__Hbank57                                            bank57       00000
__Hbank58                                            bank58       00000
__Hbank59                                            bank59       00000
__Hbank6                                             bank6        00000
__Hbank60                                            bank60       00000
__Hbank61                                            bank61       00000
__Hbank62                                            bank62       00000
__Hbank63                                            bank63       00000
__Hbank7                                             bank7        00000
__Hbank8                                             bank8        00000
__Hbank9                                             bank9        00000
__Hbigram                                            bigram       00000
__HbssBANK0                                          bssBANK0     00000
__HbssBANK1                                          bssBANK1     00000
__HbssCOMMON                                         bssCOMMON    00000
__Hcinit                                             cinit        0003F
__Hclrtext                                           clrtext      00000
__Hcode                                              code         00000
__Hcommon                                            common       00000
__Hconfig                                            config       0800C
__HcstackBANK0                                       cstackBANK0  00000
__HcstackBANK1                                       cstackBANK1  00000
__HcstackCOMMON                                      cstackCOMMON 00000
__Heeprom_data                                       eeprom_data  00000
__Hend_init                                          end_init     0002A
__Hfunctab                                           functab      00000
__Hheap                                              heap         00000
__Hinit                                              init         00028
__Hintentry                                          intentry     00028
__Hmaintext                                          maintext     00000
__Hpowerup                                           powerup      00000
__Hram                                               ram          00000
__Hreset_vec                                         reset_vec    00002
__Hsfr0                                              sfr0         00000
__Hsfr1                                              sfr1         00000
__Hsfr10                                             sfr10        00000
__Hsfr11                                             sfr11        00000
__Hsfr12                                             sfr12        00000
__Hsfr13                                             sfr13        00000
__Hsfr14                                             sfr14        00000
__Hsfr15                                             sfr15        00000
__Hsfr16                                             sfr16        00000
__Hsfr17                                             sfr17        00000
__Hsfr18                                             sfr18        00000
__Hsfr19                                             sfr19        00000
__Hsfr2                                              sfr2         00000
__Hsfr20                                             sfr20        00000
__Hsfr21                                             sfr21        00000
__Hsfr22                                             sfr22        00000
__Hsfr23                                             sfr23        00000
__Hsfr24                                             sfr24        00000
__Hsfr25                                             sfr25        00000
__Hsfr26                                             sfr26        00000
__Hsfr27                                             sfr27        00000
__Hsfr28                                             sfr28        00000
__Hsfr29                                             sfr29        00000
__Hsfr3                                              sfr3         00000
__Hsfr30                                             sfr30        00000
__Hsfr31                                             sfr31        00000
__Hsfr32                                             sfr32        00000
__Hsfr33                                             sfr33        00000
__Hsfr34                                             sfr34        00000
__Hsfr35                                             sfr35        00000
__Hsfr36                                             sfr36        00000
__Hsfr37                                             sfr37        00000
__Hsfr38                                             sfr38        00000
__Hsfr39                                             sfr39        00000
__Hsfr4                                              sfr4         00000
__Hsfr40                                             sfr40        00000
__Hsfr41                                             sfr41        00000
__Hsfr42                                             sfr42        00000
__Hsfr43                                             sfr43        00000
__Hsfr44                                             sfr44        00000
__Hsfr45                                             sfr45        00000
__Hsfr46                                             sfr46        00000
__Hsfr47                                             sfr47        00000
__Hsfr48                                             sfr48        00000
__Hsfr49                                             sfr49        00000
__Hsfr5                                              sfr5         00000
__Hsfr50                                             sfr50        00000
__Hsfr51                                             sfr51        00000
__Hsfr52                                             sfr52        00000
__Hsfr53                                             sfr53        00000
__Hsfr54                                             sfr54        00000
__Hsfr55                                             sfr55        00000
__Hsfr56                                             sfr56        00000
__Hsfr57                                             sfr57        00000
__Hsfr58                                             sfr58        00000
__Hsfr59                                             sfr59        00000
__Hsfr6                                              sfr6         00000
__Hsfr60                                             sfr60        00000
__Hsfr61                                             sfr61        00000
__Hsfr62                                             sfr62        00000
__Hsfr63                                             sfr63        00000
__Hsfr7                                              sfr7         00000
__Hsfr8                                              sfr8         00000
__Hsfr9                                              sfr9         00000
__Hsivt                                              sivt         00028
__Hspace_0                                           (abs)        010E0
__Hspace_1                                           (abs)        000A8
__Hspace_2                                           (abs)        00000
__Hspace_3                                           (abs)        00000
__Hspace_4                                           (abs)        10013
__Hstack                                             stack        00000
__Hstrings                                           strings      00000
__Hstringtext1                                       stringtext1  00000
__Hstringtext10                                      stringtext10 00000
__Hstringtext11                                      stringtext11 00000
__Hstringtext12                                      stringtext12 00000
__Hstringtext13                                      stringtext13 00000
__Hstringtext14                                      stringtext14 00000
__Hstringtext15                                      stringtext15 00000
__Hstringtext16                                      stringtext16 00000
__Hstringtext17                                      stringtext17 00000
__Hstringtext2                                       stringtext2  00000
__Hstringtext3                                       stringtext3  00000
__Hstringtext4                                       stringtext4  00000
__Hstringtext5                                       stringtext5  00000
__Hstringtext6                                       stringtext6  00000
__Hstringtext7                                       stringtext7  00000
__Hstringtext8                                       stringtext8  00000
__Hstringtext9                                       stringtext9  00000
__Htext                                              text         00000
__L__absolute__                                      __absolute__ 00000
__Labs1                                              abs1         00000
__Lbank0                                             bank0        00000
__Lbank1                                             bank1        00000
__Lbank10                                            bank10       00000
__Lbank11                                            bank11       00000
__Lbank12                                            bank12       00000
__Lbank13                                            bank13       00000
__Lbank14                                            bank14       00000
__Lbank15                                            bank15       00000
__Lbank16                                            bank16       00000
__Lbank17                                            bank17       00000
__Lbank18                                            bank18       00000
__Lbank19                                            bank19       00000
__Lbank2                                             bank2        00000
__Lbank20                                            bank20       00000
__Lbank21                                            bank21       00000
__Lbank22                                            bank22       00000
__Lbank23                                            bank23       00000
__Lbank24                                            bank24       00000
__Lbank25                                            bank25       00000
__Lbank26                                            bank26       00000
__Lbank27                                            bank27       00000
__Lbank28                                            bank28       00000
__Lbank29                                            bank29       00000
__Lbank3                                             bank3        00000
__Lbank30                                            bank30       00000
__Lbank31                                            bank31       00000
__Lbank32                                            bank32       00000
__Lbank33                                            bank33       00000
__Lbank34                                            bank34       00000
__Lbank35                                            bank35       00000
__Lbank36                                            bank36       00000
__Lbank37                                            bank37       00000
__Lbank38                                            bank38       00000
__Lbank39                                            bank39       00000
__Lbank4                                             bank4        00000
__Lbank40                                            bank40       00000
__Lbank41                                            bank41       00000
__Lbank42                                            bank42       00000
__Lbank43                                            bank43       00000
__Lbank44                                            bank44       00000
__Lbank45                                            bank45       00000
__Lbank46                                            bank46       00000
__Lbank47                                            bank47       00000
__Lbank48                                            bank48       00000
__Lbank49                                            bank49       00000
__Lbank5                                             bank5        00000
__Lbank50                                            bank50       00000
__Lbank51                                            bank51       00000
__Lbank52                                            bank52       00000
__Lbank53                                            bank53       00000
__Lbank54                                            bank54       00000
__Lbank55                                            bank55       00000
__Lbank56                                            bank56       00000
__Lbank57                                            bank57       00000
__Lbank58                                            bank58       00000
__Lbank59                                            bank59       00000
__Lbank6                                             bank6        00000
__Lbank60                                            bank60       00000
__Lbank61                                            bank61       00000
__Lbank62                                            bank62       00000
__Lbank63                                            bank63       00000
__Lbank7                                             bank7        00000
__Lbank8                                             bank8        00000
__Lbank9                                             bank9        00000
__Lbigram                                            bigram       00000
__LbssBANK0                                          bssBANK0     00000
__LbssBANK1                                          bssBANK1     00000
__LbssCOMMON                                         bssCOMMON    00000
__Lcinit                                             cinit        0002A
__Lclrtext                                           clrtext      00000
__Lcode                                              code         00000
__Lcommon                                            common       00000
__Lconfig                                            config       00000
__LcstackBANK0                                       cstackBANK0  00000
__LcstackBANK1                                       cstackBANK1  00000
__LcstackCOMMON                                      cstackCOMMON 00000
__Leeprom_data                                       eeprom_data  00000
__Lend_init                                          end_init     00028
__Lfunctab                                           functab      00000
__Lheap                                              heap         00000
__Linit                                              init         00028
__Lintentry                                          intentry     00004
__Lmaintext                                          maintext     00000
__Lpowerup                                           powerup      00000
__Lram                                               ram          00000
__Lreset_vec                                         reset_vec    00000
__Lsfr0                                              sfr0         00000
__Lsfr1                                              sfr1         00000
__Lsfr10                                             sfr10        00000
__Lsfr11                                             sfr11        00000
__Lsfr12                                             sfr12        00000
__Lsfr13                                             sfr13        00000
__Lsfr14                                             sfr14        00000
__Lsfr15                                             sfr15        00000
__Lsfr16                                             sfr16        00000
__Lsfr17                                             sfr17        00000
__Lsfr18                                             sfr18        00000
__Lsfr19                                             sfr19        00000
__Lsfr2                                              sfr2         00000
__Lsfr20                                             sfr20        00000
__Lsfr21                                             sfr21        00000
__Lsfr22                                             sfr22        00000
__Lsfr23                                             sfr23        00000
__Lsfr24                                             sfr24        00000
__Lsfr25                                             sfr25        00000
__Lsfr26                                             sfr26        00000
__Lsfr27                                             sfr27        00000
__Lsfr28                                             sfr28        00000
__Lsfr29                                             sfr29        00000
__Lsfr3                                              sfr3         00000
__Lsfr30                                             sfr30        00000
__Lsfr31                                             sfr31        00000
__Lsfr32                                             sfr32        00000
__Lsfr33                                             sfr33        00000
__Lsfr34                                             sfr34        00000
__Lsfr35                                             sfr35        00000
__Lsfr36                                             sfr36        00000
__Lsfr37                                             sfr37        00000
__Lsfr38                                             sfr38        00000
__Lsfr39                                             sfr39        00000
__Lsfr4                                              sfr4         00000
__Lsfr40                                             sfr40        00000
__Lsfr41                                             sfr41        00000
__Lsfr42                                             sfr42        00000
__Lsfr43                                             sfr43        00000
__Lsfr44                                             sfr44        00000
__Lsfr45                                             sfr45        00000
__Lsfr46                                             sfr46        00000
__Lsfr47                                             sfr47        00000
__Lsfr48                                             sfr48        00000
__Lsfr49                                             sfr49        00000
__Lsfr5                                              sfr5         00000
__Lsfr50                                             sfr50        00000
__Lsfr51                                             sfr51        00000
__Lsfr52                                             sfr52        00000
__Lsfr53                                             sfr53        00000
__Lsfr54                                             sfr54        00000
__Lsfr55                                             sfr55        00000
__Lsfr56                                             sfr56        00000
__Lsfr57                                             sfr57        00000
__Lsfr58                                             sfr58        00000
__Lsfr59                                             sfr59        00000
__Lsfr6                                              sfr6         00000
__Lsfr60                                             sfr60        00000
__Lsfr61                                             sfr61        00000
__Lsfr62                                             sfr62        00000
__Lsfr63                                             sfr63        00000
__Lsfr7                                              sfr7         00000
__Lsfr8                                              sfr8         00000
__Lsfr9                                              sfr9         00000
__Lsivt                                              sivt         00028
__Lspace_0                                           (abs)        00000
__Lspace_1                                           (abs)        00000
__Lspace_2                                           (abs)        00000
__Lspace_3                                           (abs)        00000
__Lspace_4                                           (abs)        00000
__Lstack                                             stack        00000
__Lstrings                                           strings      00000
__Lstringtext1                                       stringtext1  00000
__Lstringtext10                                      stringtext10 00000
__Lstringtext11                                      stringtext11 00000
__Lstringtext12                                      stringtext12 00000
__Lstringtext13                                      stringtext13 00000
__Lstringtext14                                      stringtext14 00000
__Lstringtext15                                      stringtext15 00000
__Lstringtext16                                      stringtext16 00000
__Lstringtext17                                      stringtext17 00000
__Lstringtext2                                       stringtext2  00000
__Lstringtext3                                       stringtext3  00000
__Lstringtext4                                       stringtext4  00000
__Lstringtext5                                       stringtext5  00000
__Lstringtext6                                       stringtext6  00000
__Lstringtext7                                       stringtext7  00000
__Lstringtext8                                       stringtext8  00000
__Lstringtext9                                       stringtext9  00000
__Ltext                                              text         00000
__S0                                                 (abs)        010E0
__S1                                                 (abs)        000A8
___aldiv                                             text38       0011E
___aldiv@counter                                     cstackBANK0  00060
___aldiv@dividend                                    cstackBANK0  0005C
___aldiv@divisor                                     cstackBANK0  00058
___aldiv@quotient                                    cstackBANK0  00062
___aldiv@sign                                        cstackBANK0  00061
___awdiv                                             text37       00308
___awdiv@counter                                     cstackBANK0  00050
___awdiv@dividend                                    cstackCOMMON 00075
___awdiv@divisor                                     cstackCOMMON 00073
___awdiv@quotient                                    cstackBANK0  00052
___awdiv@sign                                        cstackBANK0  00051
___awmod                                             text36       003BD
___awmod@counter                                     cstackCOMMON 00077
___awmod@dividend                                    cstackCOMMON 00075
___awmod@divisor                                     cstackCOMMON 00073
___awmod@sign                                        cstackCOMMON 00078
___heap_hi                                           (abs)        00000
___heap_lo                                           (abs)        00000
___int_sp                                            stack        00000
___int_stack_hi                                      stack        00000
___int_stack_lo                                      stack        00000
___latbits                                           (abs)        00002
___lldiv                                             text11       00364
___lldiv@counter                                     cstackCOMMON 00078
___lldiv@dividend                                    cstackBANK0  0005C
___lldiv@divisor                                     cstackBANK0  00058
___lldiv@quotient                                    cstackCOMMON 00074
___llmod                                             text10       004A6
___llmod@counter                                     cstackCOMMON 00073
___llmod@dividend                                    cstackBANK0  00054
___llmod@divisor                                     cstackBANK0  00050
___lmul                                              text35       0068C
___lmul@multiplicand                                 cstackBANK0  00054
___lmul@multiplier                                   cstackBANK0  00050
___lmul@product                                      cstackCOMMON 00073
___lwdiv                                             text14       005AA
___lwdiv@counter                                     cstackBANK0  00050
___lwdiv@dividend                                    cstackCOMMON 00075
___lwdiv@divisor                                     cstackCOMMON 00073
___lwdiv@quotient                                    cstackBANK0  00051
___lwmod                                             text13       006F2
___lwmod@counter                                     cstackCOMMON 00077
___lwmod@dividend                                    cstackCOMMON 00075
___lwmod@divisor                                     cstackCOMMON 00073
___sp                                                stack        00000
___stack_hi                                          stack        00000
___stack_lo                                          stack        00000
___stackhi                                           (abs)        00000
___stacklo                                           (abs)        00000
__end_of_CLOCK_Initialize                            text27       00EE8
__end_of_Delay_Long                                  text39       0077F
__end_of_EUSART1_FramingErrorCallbackRegister        text26       00EFF
__end_of_EUSART1_Initialize                          text24       00FBD
__end_of_EUSART1_IsTxReady                           text18       00F37
__end_of_EUSART1_OverrunErrorCallbackRegister        text25       00F0B
__end_of_EUSART1_Write                               text17       00EA0
__end_of_I2C1_Close                                  text54       00F58
__end_of_I2C1_ERROR_ISR                              text43       00E97
__end_of_I2C1_EVENT_ERROR                            text47       00EB2
__end_of_I2C1_EVENT_IDLE                             text52       00E93
__end_of_I2C1_EVENT_NACK                             text48       00EAC
__end_of_I2C1_EVENT_RESET                            text45       00EDF
__end_of_I2C1_EVENT_RX                               text49       00753
__end_of_I2C1_EVENT_SEND_RD_ADDR                     text51       00ED1
__end_of_I2C1_EVENT_SEND_WR_ADDR                     text50       00EA6
__end_of_I2C1_EVENT_STOP                             text46       00ED8
__end_of_I2C1_EVENT_TX                               text53       007AA
__end_of_I2C1_ErrorEventHandler                      text44       00FA0
__end_of_I2C1_ErrorGet                               text33       00EB8
__end_of_I2C1_EventHandler                           text42       00620
__end_of_I2C1_Host                                   stringtext1  01068
__end_of_I2C1_ISR                                    text41       00E9B
__end_of_I2C1_Initialize                             text23       00F28
__end_of_I2C1_IsBusy                                 text32       00E8F
__end_of_I2C1_Write                                  text6        01000
__end_of_I2C1_WriteRead                              text30       007F9
__end_of_I2C1_WriteStart                             text31       00EBE
__end_of_I2C_WaitComplete                            text29       007D2
__end_of_INTERRUPT_Initialize                        text21       00EF3
__end_of_INTERRUPT_InterruptManager                  intentry     00028
__end_of_INT_SetInterruptHandler                     text22       00EC4
__end_of_MCP9808_ProcessTemperature                  text34       0022B
__end_of_MCP9808_ReadTemperatureRaw                  text28       005AA
__end_of_PIN_MANAGER_Initialize                      text20       00531
__end_of_SYSTEM_Initialize                           text19       00F47
__end_of_UART_WriteChar                              text16       00F19
__end_of_UART_WriteLight                             text8        0068C
__end_of_UART_WriteString                            text15       00F84
__end_of_UART_WriteTemperature                       text7        0045C
__end_of_UART_WriteUInt16                            text12       004A6
__end_of_UART_WriteUInt32                            text9        00308
__end_of_VCNL4200_Initialize                         text4        00FDD
__end_of_VCNL4200_ReadID                             text2        00F6D
__end_of_VCNL4200_ReadRegister16                     text3        0056E
__end_of_VCNL4200_ReadSensors                        text1        002A6
__end_of_VCNL4200_WriteRegister16                    text5        006F2
__end_of___aldiv                                     text38       001AA
__end_of___awdiv                                     text37       00364
__end_of___awmod                                     text36       0040E
__end_of___lldiv                                     text11       003BD
__end_of___llmod                                     text10       004EF
__end_of___lmul                                      text35       006C0
__end_of___lwdiv                                     text14       005E5
__end_of___lwmod                                     text13       00724
__end_of__initialization                             cinit        0003B
__end_of_i2c1_eventTable                             stringtext2  00632
__end_of_main                                        maintext     0011E
__initialization                                     cinit        0002A
__pbssBANK0                                          bssBANK0     00020
__pbssBANK1                                          bssBANK1     000A0
__pbssCOMMON                                         bssCOMMON    00079
__pcstackBANK0                                       cstackBANK0  00050
__pcstackBANK1                                       cstackBANK1  000A6
__pcstackCOMMON                                      cstackCOMMON 00070
__pintentry                                          intentry     00004
__pmaintext                                          maintext     0003F
__pstringtext1                                       stringtext1  01054
__pstringtext10                                      stringtext10 0109A
__pstringtext11                                      stringtext11 010A8
__pstringtext12                                      stringtext12 010B6
__pstringtext13                                      stringtext13 010C3
__pstringtext14                                      stringtext14 010CE
__pstringtext15                                      stringtext15 010D5
__pstringtext16                                      stringtext16 010DB
__pstringtext17                                      stringtext17 00000
__pstringtext2                                       stringtext2  00620
__pstringtext3                                       stringtext3  007F9
__pstringtext4                                       stringtext4  01000
__pstringtext5                                       stringtext5  01020
__pstringtext6                                       stringtext6  0103F
__pstringtext7                                       stringtext7  01068
__pstringtext8                                       stringtext8  0107A
__pstringtext9                                       stringtext9  0108B
__ptext1                                             text1        0022B
__ptext10                                            text10       004A6
__ptext11                                            text11       00364
__ptext12                                            text12       0045C
__ptext13                                            text13       006F2
__ptext14                                            text14       005AA
__ptext15                                            text15       00F6D
__ptext16                                            text16       00F0B
__ptext17                                            text17       00E9B
__ptext18                                            text18       00F28
__ptext19                                            text19       00F37
__ptext2                                             text2        00F58
__ptext20                                            text20       004EF
__ptext21                                            text21       00EE8
__ptext22                                            text22       00EBE
__ptext23                                            text23       00F19
__ptext24                                            text24       00FA0
__ptext25                                            text25       00EFF
__ptext26                                            text26       00EF3
__ptext27                                            text27       00EDF
__ptext28                                            text28       0056E
__ptext29                                            text29       007AA
__ptext3                                             text3        00531
__ptext30                                            text30       007D2
__ptext31                                            text31       00EB8
__ptext32                                            text32       00E8C
__ptext33                                            text33       00EB2
__ptext34                                            text34       001AA
__ptext35                                            text35       0068C
__ptext36                                            text36       003BD
__ptext37                                            text37       00308
__ptext38                                            text38       0011E
__ptext39                                            text39       00753
__ptext4                                             text4        00FBD
__ptext41                                            text41       00E97
__ptext42                                            text42       005E5
__ptext43                                            text43       00E93
__ptext44                                            text44       00F84
__ptext45                                            text45       00ED8
__ptext46                                            text46       00ED1
__ptext47                                            text47       00EAC
__ptext48                                            text48       00EA6
__ptext49                                            text49       00724
__ptext5                                             text5        006C0
__ptext50                                            text50       00EA0
__ptext51                                            text51       00ECA
__ptext52                                            text52       00E8F
__ptext53                                            text53       0077F
__ptext54                                            text54       00F47
__ptext6                                             text6        00FDD
__ptext7                                             text7        0040E
__ptext8                                             text8        00657
__ptext9                                             text9        002A6
_eusart1RxLastError                                  bssBANK1     000A0
_i2c1Status                                          bssBANK0     00020
_i2c1_eventTable                                     stringtext2  00620
_i2c_read_buffer                                     bssCOMMON    00079
_i2c_write_buffer                                    bssBANK0     0004D
_main                                                maintext     0003F
_mcp9808_error                                       bssBANK0     0004B
_mcp9808_ok                                          bssBANK0     0004C
_mcp9808_temperature                                 bssBANK0     00043
_mcp9808_temperature_centi                           bssBANK0     00041
_mcp9808_temperature_decimal                         bssBANK0     0003D
_mcp9808_temperature_integer                         bssBANK0     0003F
_vcnl4200_ambient_light                              bssBANK1     000A4
_vcnl4200_error                                      bssBANK0     00049
_vcnl4200_id_data                                    bssBANK0     00039
_vcnl4200_lux_decimal                                bssBANK0     0003B
_vcnl4200_lux_integer                                bssBANK0     0002D
_vcnl4200_lux_millilux                               bssBANK0     00031
_vcnl4200_ok                                         bssBANK0     0004A
_vcnl4200_proximity                                  bssBANK1     000A2
btemp                                                (abs)        0007E
btemp0                                               (abs)        0007E
btemp1                                               (abs)        0007F
clear_ram0                                           clrtext      00EC4
end_of_initialization                                cinit        0003B
int$flags                                            (abs)        0007E
intlevel0                                            functab      00000
intlevel1                                            functab      00000
intlevel2                                            functab      00000
intlevel3                                            functab      00000
intlevel4                                            functab      00000
intlevel5                                            functab      00000
ltemp0a                                              (abs)        00080
main@mcp9808_raw_temperature                         cstackBANK1  000A6
reset_vec                                            reset_vec    00000
start                                                init         00028
start_initialization                                 cinit        0002A
ttemp0a                                              (abs)        0007F
wtemp0                                               (abs)        0007E
wtemp0a                                              (abs)        0007F


MODULE INFORMATION

Module		Function		Class		Link	Load	Size
C:\Program Files\Microchip\xc8\v3.10\pic\sources\c99\common\lwmod.c
		___lwmod       		CODE           	06F2	0000	50

C:\Program Files\Microchip\xc8\v3.10\pic\sources\c99\common\lwmod.c estimated size: 50

C:\Program Files\Microchip\xc8\v3.10\pic\sources\c99\common\awmod.c
		___awmod       		CODE           	03BD	0000	81

C:\Program Files\Microchip\xc8\v3.10\pic\sources\c99\common\awmod.c estimated size: 81

C:\Program Files\Microchip\xc8\v3.10\pic\sources\c99\common\llmod.c
		___llmod       		CODE           	04A6	0000	73

C:\Program Files\Microchip\xc8\v3.10\pic\sources\c99\common\llmod.c estimated size: 73

C:\Program Files\Microchip\xc8\v3.10\pic\sources\c99\common\Umul32.c
		___lmul        		CODE           	068C	0000	52

C:\Program Files\Microchip\xc8\v3.10\pic\sources\c99\common\Umul32.c estimated size: 52

mcc_generated_files/system/src/interrupt.c
		_INT_SetInterruptHandler		CODE           	0EBE	0000	6
		_INTERRUPT_Initialize		CODE           	0EE8	0000	11
		_INTERRUPT_InterruptManager		CODE           	0004	0000	36

mcc_generated_files/system/src/interrupt.c estimated size: 53

mcc_generated_files/i2c_host/src/mssp1.c
		_I2C1_EVENT_SEND_WR_ADDR		CODE           	0EA0	0000	6
		_I2C1_ErrorEventHandler		CODE           	0F84	0000	28
		_I2C1_EVENT_RESET		CODE           	0ED8	0000	7
		_I2C1_EVENT_ERROR		CODE           	0EAC	0000	6
		_I2C1_WriteStart		CODE           	0EB8	0000	6
		_I2C1_EVENT_RX 		CODE           	0724	0000	47
		_I2C1_EVENT_TX 		CODE           	077F	0000	43
		_I2C1_ISR      		CODE           	0E97	0000	4
		_I2C1_EventHandler		CODE           	05E5	0000	59
		_I2C1_IsBusy   		CODE           	0E8C	0000	3
		_I2C1_EVENT_IDLE		CODE           	0E8F	0000	4
		_I2C1_EVENT_NACK		CODE           	0EA6	0000	6
		_I2C1_ErrorGet 		CODE           	0EB2	0000	6
		_I2C1_EVENT_SEND_RD_ADDR		CODE           	0ECA	0000	7
		_I2C1_EVENT_STOP		CODE           	0ED1	0000	7
		_I2C1_Initialize		CODE           	0F19	0000	15
		_I2C1_Close    		CODE           	0F47	0000	17
		_I2C1_ERROR_ISR		CODE           	0E93	0000	4
		_I2C1_Write    		CODE           	0FDD	0000	35
		_I2C1_WriteRead		CODE           	07D2	0000	39

mcc_generated_files/i2c_host/src/mssp1.c estimated size: 349

C:\Program Files\Microchip\xc8\v3.10\pic\sources\c99\common\lwdiv.c
		___lwdiv       		CODE           	05AA	0000	59

C:\Program Files\Microchip\xc8\v3.10\pic\sources\c99\common\lwdiv.c estimated size: 59

C:\Program Files\Microchip\xc8\v3.10\pic\sources\c99\common\awdiv.c
		___awdiv       		CODE           	0308	0000	92

C:\Program Files\Microchip\xc8\v3.10\pic\sources\c99\common\awdiv.c estimated size: 92

C:\Program Files\Microchip\xc8\v3.10\pic\sources\c99\common\aldiv.c
		___aldiv       		CODE           	011E	0000	140

C:\Program Files\Microchip\xc8\v3.10\pic\sources\c99\common\aldiv.c estimated size: 140

mcc_generated_files/system/src/pins.c
		_PIN_MANAGER_Initialize		CODE           	04EF	0000	66

mcc_generated_files/system/src/pins.c estimated size: 66

shared
		__initialization		CODE           	002A	0000	17
		_I2C1_Host     		STRCODE        	0000	0000	0
		_i2c1_eventTable		STRCODE        	0620	0000	18

shared estimated size: 35

C:\Program Files\Microchip\xc8\v3.10\pic\sources\c99\common\__lldiv.c
		___lldiv       		CODE           	0364	0000	89

C:\Program Files\Microchip\xc8\v3.10\pic\sources\c99\common\__lldiv.c estimated size: 89

mcc_generated_files/system/src/clock.c
		_CLOCK_Initialize		CODE           	0EDF	0000	9

mcc_generated_files/system/src/clock.c estimated size: 9

main.c
		_VCNL4200_ReadSensors		CODE           	022B	0000	123
		_MCP9808_ReadTemperatureRaw		CODE           	056E	0000	60
		_UART_WriteChar		CODE           	0F0B	0000	14
		_VCNL4200_WriteRegister16		CODE           	06C0	0000	50
		_MCP9808_ProcessTemperature		CODE           	01AA	0000	129
		_main          		CODE           	003F	0000	223
		_UART_WriteLight		CODE           	0657	0000	53
		_VCNL4200_ReadRegister16		CODE           	0531	0000	61
		_UART_WriteUInt32		CODE           	02A6	0000	98
		_UART_WriteUInt16		CODE           	045C	0000	74
		_I2C_WaitComplete		CODE           	07AA	0000	40
		_VCNL4200_Initialize		CODE           	0FBD	0000	32
		_UART_WriteTemperature		CODE           	040E	0000	78
		_Delay_Long    		CODE           	0753	0000	44
		_VCNL4200_ReadID		CODE           	0F58	0000	21
		_UART_WriteString		CODE           	0F6D	0000	23

main.c estimated size: 1123

mcc_generated_files/uart/src/eusart1.c
		_EUSART1_Initialize		CODE           	0FA0	0000	29
		_EUSART1_Write 		CODE           	0E9B	0000	5
		_EUSART1_FramingErrorCallbackRegister		CODE           	0EF3	0000	12
		_EUSART1_IsTxReady		CODE           	0F28	0000	15
		_EUSART1_OverrunErrorCallbackRegister		CODE           	0EFF	0000	12

mcc_generated_files/uart/src/eusart1.c estimated size: 73

mcc_generated_files/system/src/system.c
		_SYSTEM_Initialize		CODE           	0F37	0000	16

mcc_generated_files/system/src/system.c estimated size: 16

