Microchip MPLAB XC8 Compiler V3.10

Linker command line:

-W-3 \
  --edf=C:/Program Files/Microchip/MPLABX/v6.35/packs/Microchip/PIC16F1xxxx_DFP/1.31.465/xc8\pic\dat\20260423105532_en.msgs \
  -cn \
  -h+dist/default/production\EstacionMonitoreoAmbiental.X.production.sym \
  --cmf=dist/default/production\EstacionMonitoreoAmbiental.X.production.cmf \
  -z -Q16F13145 \
  -oC:\Users\Usuario\AppData\Local\Temp\xcAsn30.0\driver_tmp_3.o \
  --defsym=__MPLAB_BUILD=1 --fixupoverflow=error \
  -Mdist/default/production/EstacionMonitoreoAmbiental.X.production.map \
  --md=C:\Users\Usuario\AppData\Local\Temp\xcAsn30.0\driver_tmp_0.dat -E1 \
  -ver=XC8 Compiler -ACODE=00h-07FFhx4 -ASTRCODE=00h-01FFFh \
  -ASTRING=00h-0FFhx32 -ACONST=00h-0FFhx32 -AENTRY=00h-0FFhx32 \
  -ACOMMON=070h-07Fh -ABANK0=020h-06Fh -ABANK1=0A0h-0EFh \
  -ABANK2=0120h-016Fh -ABANK3=01A0h-01EFh -ABANK4=0220h-026Fh \
  -ABANK5=02A0h-02EFh -ABANK6=0320h-036Fh -ABANK7=03A0h-03EFh \
  -ABANK8=0420h-046Fh -ABANK9=04A0h-04EFh -ABANK10=0520h-056Fh \
  -ABANK11=05A0h-05EFh -ABANK12=0620h-064Fh -ABIGRAM=02000h-023EFh \
  -ARAM=020h-06Fh,0A0h-0EFh,0120h-016Fh,01A0h-01EFh,0220h-026Fh,02A0h-02EFh,0320h-036Fh,03A0h-03EFh,0420h-046Fh,04A0h-04EFh,0520h-056Fh,05A0h-05EFh,0620h-064Fh \
  -AABS1=020h-07Fh,0A0h-0EFh,0120h-016Fh,01A0h-01EFh,0220h-026Fh,02A0h-02EFh,0320h-036Fh,03A0h-03EFh,0420h-046Fh,04A0h-04EFh,0520h-056Fh,05A0h-05EFh,0620h-064Fh \
  -ASFR0=00h-01Fh -ASFR1=080h-09Fh -ASFR2=0100h-011Fh -ASFR3=0180h-019Fh \
  -ASFR4=0200h-021Fh -ASFR5=0280h-029Fh -ASFR6=0300h-031Fh \
  -ASFR7=0380h-039Fh -ASFR8=0400h-041Fh -ASFR9=0480h-049Fh \
  -ASFR10=0500h-051Fh -ASFR11=0580h-059Fh -ASFR12=0600h-061Fh \
  -ASFR13=0680h-06EFh -ASFR14=0700h-076Fh -ASFR15=0780h-07EFh \
  -ASFR16=0800h-086Fh -ASFR17=0880h-08EFh -ASFR18=0900h-096Fh \
  -ASFR19=0980h-09EFh -ASFR20=0A00h-0A6Fh -ASFR21=0A80h-0AEFh \
  -ASFR22=0B00h-0B6Fh -ASFR23=0B80h-0BEFh -ASFR24=0C00h-0C6Fh \
  -ASFR25=0C80h-0CEFh -ASFR26=0D00h-0D6Fh -ASFR27=0D80h-0DEFh \
  -ASFR28=0E00h-0E6Fh -ASFR29=0E80h-0EEFh -ASFR30=0F00h-0F6Fh \
  -ASFR31=0F80h-0FEFh -ASFR32=01000h-0106Fh -ASFR33=01080h-010EFh \
  -ASFR34=01100h-0116Fh -ASFR35=01180h-011EFh -ASFR36=01200h-0126Fh \
  -ASFR37=01280h-012EFh -ASFR38=01300h-0136Fh -ASFR39=01380h-013EFh \
  -ASFR40=01400h-0146Fh -ASFR41=01480h-014EFh -ASFR42=01500h-0156Fh \
  -ASFR43=01580h-015EFh -ASFR44=01600h-0166Fh -ASFR45=01680h-016EFh \
  -ASFR46=01700h-0176Fh -ASFR47=01780h-017EFh -ASFR48=01800h-0186Fh \
  -ASFR49=01880h-018EFh -ASFR50=01900h-0196Fh -ASFR51=01980h-019EFh \
  -ASFR52=01A00h-01A6Fh -ASFR53=01A80h-01AEFh -ASFR54=01B00h-01B6Fh \
  -ASFR55=01B80h-01BEFh -ASFR56=01C00h-01C6Fh -ASFR57=01C80h-01CEFh \
  -ASFR58=01D00h-01D6Fh -ASFR59=01D80h-01DEFh -ASFR60=01E00h-01E6Fh \
  -ASFR61=01E80h-01EEFh -ASFR62=01F00h-01F6Fh -ASFR63=01F80h-01FEFh \
  -ACONFIG=08007h-0800Bh -DCONFIG=2 -AIDLOC=08000h-08003h -DIDLOC=2 \
  -DCODE=2 -DSTRCODE=2 -DSTRING=2 -DCONST=2 -DENTRY=2 \
  -preset_vec=00h,intentry=04h,sivt,init,end_init -ppowerup=CODE \
  -pcinit=CODE -pfunctab=ENTRY -k \
  C:\Users\Usuario\AppData\Local\Temp\xcAsn30.0\driver_tmp_12.o \
  dist/default/production\EstacionMonitoreoAmbiental.X.production.o 

Object code version is 3.11

Machine type is 16F13145



                Name                               Link     Load   Length Selector   Space Scale
C:\Users\Usuario\AppData\Local\Temp\xcAsn30.0\driver_tmp_12.o
                end_init                             28       28        2        8       0
                reset_vec                             0        0        2        0       0
                config                             8007     8007        5        0       4
dist/default/production\EstacionMonitoreoAmbiental.X.production.o
                cinit                                2A       2A       17        8       0
                intentry                              4        4       24        8       0
                config                             8007     8007        5        0       4
                text55                              F15      F15       10     1E2A       0
                text54                              79B      79B       2B      CD0       0
                text53                              E6D      E6D        4     1CDA       0
                text52                              EA8      EA8        7     1D50       0
                text51                              E7E      E7E        6     1CFC       0
                text50                              76C      76C       2F      CD0       0
                text49                              E84      E84        6     1D08       0
                text48                              E8A      E8A        6     1D14       0
                text47                              EAF      EAF        7     1D5E       0
                text46                              EB6      EB6        7     1D6C       0
                text45                              F67      F67       1A     1ECE       0
                text44                              E71      E71        4     1CE2       0
                text43                              5F6      5F6       3B        8       0
                text42                              E75      E75        4     1CEA       0
                text40                              F3A      F3A       16     1E74       0
                text39                              132      132       8C        8       0
                text38                              318      318       5C        8       0
                text37                              3CD      3CD       52        8       0
                text36                              6D4      6D4       34      CD0       0
                text35                              1BE      1BE       81        8       0
                text34                              E90      E90        6     1D20       0
                text33                              E6A      E6A        3     1CD4       0
                text32                              E96      E96        6     1D2C       0
                text31                              668      668       37      CD0       0
                text30                              7C6      7C6       28      CD0       0
                text29                              57F      57F       3C        8       0
                text28                              EBD      EBD        9     1D7A       0
                text27                              ED1      ED1        C     1DA2       0
                text26                              EDD      EDD        C     1DBA       0
                text25                              F9D      F9D       1D     1F3A       0
                text24                              EF7      EF7        F     1DEE       0
                text23                              E9C      E9C        6     1D38       0
                text22                              EC6      EC6        B     1D8C       0
                text21                              500      500       42        8       0
                text20                              7EE      7EE       10      CD0       0
                text19                              F06      F06        F     1E0C       0
                text18                              E79      E79        5     1CF2       0
                text17                              EE9      EE9        E     1DD2       0
                text16                              F50      F50       17     1EA0       0
                text15                              F81      F81       1C     1F02       0
                text14                              5BB      5BB       3B        8       0
                text13                              73A      73A       32      CD0       0
                text12                              46D      46D       4A        8       0
                text11                              374      374       59        8       0
                text10                              4B7      4B7       49        8       0
                text9                               2B6      2B6       62        8       0
                text8                               69F      69F       35      CD0       0
                text7                               41F      41F       4E        8       0
                text6                               FDA      FDA       26     1FB4       0
                text5                               708      708       32      CD0       0
                text4                               FBA      FBA       20     1F74       0
                text3                               542      542       3D        8       0
                text2                               F25      F25       15     1E4A       0
                text1                               23F      23F       77        8       0
                maintext                             41       41       F1        8       0
                cstackBANK0                          20       20       27       20       1
                cstackCOMMON                         70       70        8       70       1
                clrtext                             EA2      EA2        6     1D44       0
                bssBANK1                             A0       A0       11       A0       1
                bssBANK0                             47       47       24       20       1
                bssCOMMON                            78       78        3       70       1
                stringtext21                       1189     1189        3     2000       0
                stringtext20                       1184     1184        5     2000       0
                stringtext19                       117E     117E        6     2000       0
                stringtext18                       1177     1177        7     2000       0
                stringtext17                       116A     116A        D     2000       0
                stringtext16                       115C     115C        E     2000       0
                stringtext15                       114D     114D        F     2000       0
                stringtext14                       113E     113E        F     2000       0
                stringtext13                       112C     112C       12     2000       0
                stringtext12                       111A     111A       12     2000       0
                stringtext11                       10F1     10F1       15     2000       0
                stringtext10                       10DC     10DC       15     2000       0
                stringtext9                        10C3     10C3       19     2000       0
                stringtext8                        10A7     10A7       1C     2000       0
                stringtext7                        108B     108B       1C     2000       0
                stringtext6                        106B     106B       20     2000       0
                stringtext5                        1048     1048       23     2000       0
                stringtext4                        1025     1025       23     2000       0
                stringtext3                        1000     1000       25     2000       0
                stringtext2                         631      631       37      C62       0
                stringtext1                        1106     1106       14     2000       0

TOTAL           Name                               Link     Load   Length     Space
        CLASS   CODE           
                end_init                             28       28        2         0
                cinit                                2A       2A       17         0
                intentry                              4        4       24         0
                reset_vec                             0        0        2         0
                text55                              F15      F15       10         0
                text54                              79B      79B       2B         0
                text53                              E6D      E6D        4         0
                text52                              EA8      EA8        7         0
                text51                              E7E      E7E        6         0
                text50                              76C      76C       2F         0
                text49                              E84      E84        6         0
                text48                              E8A      E8A        6         0
                text47                              EAF      EAF        7         0
                text46                              EB6      EB6        7         0
                text45                              F67      F67       1A         0
                text44                              E71      E71        4         0
                text43                              5F6      5F6       3B         0
                text42                              E75      E75        4         0
                text40                              F3A      F3A       16         0
                text39                              132      132       8C         0
                text38                              318      318       5C         0
                text37                              3CD      3CD       52         0
                text36                              6D4      6D4       34         0
                text35                              1BE      1BE       81         0
                text34                              E90      E90        6         0
                text33                              E6A      E6A        3         0
                text32                              E96      E96        6         0
                text31                              668      668       37         0
                text30                              7C6      7C6       28         0
                text29                              57F      57F       3C         0
                text28                              EBD      EBD        9         0
                text27                              ED1      ED1        C         0
                text26                              EDD      EDD        C         0
                text25                              F9D      F9D       1D         0
                text24                              EF7      EF7        F         0
                text23                              E9C      E9C        6         0
                text22                              EC6      EC6        B         0
                text21                              500      500       42         0
                text20                              7EE      7EE       10         0
                text19                              F06      F06        F         0
                text18                              E79      E79        5         0
                text17                              EE9      EE9        E         0
                text16                              F50      F50       17         0
                text15                              F81      F81       1C         0
                text14                              5BB      5BB       3B         0
                text13                              73A      73A       32         0
                text12                              46D      46D       4A         0
                text11                              374      374       59         0
                text10                              4B7      4B7       49         0
                text9                               2B6      2B6       62         0
                text8                               69F      69F       35         0
                text7                               41F      41F       4E         0
                text6                               FDA      FDA       26         0
                text5                               708      708       32         0
                text4                               FBA      FBA       20         0
                text3                               542      542       3D         0
                text2                               F25      F25       15         0
                text1                               23F      23F       77         0
                maintext                             41       41       F1         0
                clrtext                             EA2      EA2        6         0

        CLASS   STRCODE        
                stringtext21                       1189     1189        3         0
                stringtext20                       1184     1184        5         0
                stringtext19                       117E     117E        6         0
                stringtext18                       1177     1177        7         0
                stringtext17                       116A     116A        D         0
                stringtext16                       115C     115C        E         0
                stringtext15                       114D     114D        F         0
                stringtext14                       113E     113E        F         0
                stringtext13                       112C     112C       12         0
                stringtext12                       111A     111A       12         0
                stringtext11                       10F1     10F1       15         0
                stringtext10                       10DC     10DC       15         0
                stringtext9                        10C3     10C3       19         0
                stringtext8                        10A7     10A7       1C         0
                stringtext7                        108B     108B       1C         0
                stringtext6                        106B     106B       20         0
                stringtext5                        1048     1048       23         0
                stringtext4                        1025     1025       23         0
                stringtext3                        1000     1000       25         0
                stringtext2                         631      631       37         0
                stringtext1                        1106     1106       14         0

        CLASS   STRING         

        CLASS   CONST          

        CLASS   ENTRY          

        CLASS   COMMON         
                cstackCOMMON                         70       70        8         1
                bssCOMMON                            78       78        3         1

        CLASS   BANK0          
                cstackBANK0                          20       20       27         1
                bssBANK0                             47       47       24         1

        CLASS   BANK1          
                bssBANK1                             A0       A0       11         1

        CLASS   BANK2          

        CLASS   BANK3          

        CLASS   BANK4          

        CLASS   BANK5          

        CLASS   BANK6          

        CLASS   BANK7          

        CLASS   BANK8          

        CLASS   BANK9          

        CLASS   BANK10         

        CLASS   BANK11         

        CLASS   BANK12         

        CLASS   BIGRAM         

        CLASS   RAM            

        CLASS   ABS1           
                abs_s1                               7E       7E        2         1

        CLASS   SFR0           

        CLASS   SFR1           

        CLASS   SFR2           

        CLASS   SFR3           

        CLASS   SFR4           

        CLASS   SFR5           

        CLASS   SFR6           

        CLASS   SFR7           

        CLASS   SFR8           

        CLASS   SFR9           

        CLASS   SFR10          

        CLASS   SFR11          

        CLASS   SFR12          

        CLASS   SFR13          

        CLASS   SFR14          

        CLASS   SFR15          

        CLASS   SFR16          

        CLASS   SFR17          

        CLASS   SFR18          

        CLASS   SFR19          

        CLASS   SFR20          

        CLASS   SFR21          

        CLASS   SFR22          

        CLASS   SFR23          

        CLASS   SFR24          

        CLASS   SFR25          

        CLASS   SFR26          

        CLASS   SFR27          

        CLASS   SFR28          

        CLASS   SFR29          

        CLASS   SFR30          

        CLASS   SFR31          

        CLASS   SFR32          

        CLASS   SFR33          

        CLASS   SFR34          

        CLASS   SFR35          

        CLASS   SFR36          

        CLASS   SFR37          

        CLASS   SFR38          

        CLASS   SFR39          

        CLASS   SFR40          

        CLASS   SFR41          

        CLASS   SFR42          

        CLASS   SFR43          

        CLASS   SFR44          

        CLASS   SFR45          

        CLASS   SFR46          

        CLASS   SFR47          

        CLASS   SFR48          

        CLASS   SFR49          

        CLASS   SFR50          

        CLASS   SFR51          

        CLASS   SFR52          

        CLASS   SFR53          

        CLASS   SFR54          

        CLASS   SFR55          

        CLASS   SFR56          

        CLASS   SFR57          

        CLASS   SFR58          

        CLASS   SFR59          

        CLASS   SFR60          

        CLASS   SFR61          

        CLASS   SFR62          

        CLASS   SFR63          

        CLASS   CONFIG         
                config                             8007     8007        5         4

        CLASS   IDLOC          

        CLASS   BANK63         

        CLASS   BANK62         

        CLASS   BANK61         

        CLASS   BANK60         

        CLASS   BANK59         

        CLASS   BANK58         

        CLASS   BANK57         

        CLASS   BANK56         

        CLASS   BANK55         

        CLASS   BANK54         

        CLASS   BANK53         

        CLASS   BANK52         

        CLASS   BANK51         

        CLASS   BANK50         

        CLASS   BANK49         

        CLASS   BANK48         

        CLASS   BANK47         

        CLASS   BANK46         

        CLASS   BANK45         

        CLASS   BANK44         

        CLASS   BANK43         

        CLASS   BANK42         

        CLASS   BANK41         

        CLASS   BANK40         

        CLASS   BANK39         

        CLASS   BANK38         

        CLASS   BANK37         

        CLASS   BANK36         

        CLASS   BANK35         

        CLASS   BANK34         

        CLASS   BANK33         

        CLASS   BANK32         

        CLASS   BANK31         

        CLASS   BANK30         

        CLASS   BANK29         

        CLASS   BANK28         

        CLASS   BANK27         

        CLASS   BANK26         

        CLASS   BANK25         

        CLASS   BANK24         

        CLASS   BANK23         

        CLASS   BANK22         

        CLASS   BANK21         

        CLASS   BANK20         

        CLASS   BANK19         

        CLASS   BANK18         

        CLASS   BANK17         

        CLASS   BANK16         

        CLASS   BANK15         

        CLASS   BANK14         

        CLASS   BANK13         

        CLASS   HEAP           

        CLASS   STACK          

        CLASS   EEDATA         



SEGMENTS        Name                           Load    Length   Top    Selector   Space  Class     Delta

                reset_vec                      000000  000002  000002         0       0  CODE        2
                intentry                       000004  00062D  000631         8       0  CODE        2
                cstackBANK0                    000020  00004B  00006B        20       1  BANK0       1
                cstackCOMMON                   000070  00000B  00007B        70       1  COMMON      1
                bssBANK1                       0000A0  000011  0000B1        A0       1  BANK1       1
                stringtext2                    000631  000037  000668       C62       0  STRCODE     2
                text31                         000668  000196  0007FE       CD0       0  CODE        2
                text33                         000E6A  000003  000E6D      1CD4       0  CODE        2
                text53                         000E6D  000004  000E71      1CDA       0  CODE        2
                text44                         000E71  000004  000E75      1CE2       0  CODE        2
                text42                         000E75  000004  000E79      1CEA       0  CODE        2
                text18                         000E79  000005  000E7E      1CF2       0  CODE        2
                text51                         000E7E  000006  000E84      1CFC       0  CODE        2
                text49                         000E84  000006  000E8A      1D08       0  CODE        2
                text48                         000E8A  000006  000E90      1D14       0  CODE        2
                text34                         000E90  000006  000E96      1D20       0  CODE        2
                text32                         000E96  000006  000E9C      1D2C       0  CODE        2
                text23                         000E9C  000006  000EA2      1D38       0  CODE        2
                clrtext                        000EA2  000006  000EA8      1D44       0  CODE        2
                text52                         000EA8  000007  000EAF      1D50       0  CODE        2
                text47                         000EAF  000007  000EB6      1D5E       0  CODE        2
                text46                         000EB6  000007  000EBD      1D6C       0  CODE        2
                text28                         000EBD  000009  000EC6      1D7A       0  CODE        2
                text22                         000EC6  00000B  000ED1      1D8C       0  CODE        2
                text27                         000ED1  00000C  000EDD      1DA2       0  CODE        2
                text26                         000EDD  00000C  000EE9      1DBA       0  CODE        2
                text17                         000EE9  00000E  000EF7      1DD2       0  CODE        2
                text24                         000EF7  00000F  000F06      1DEE       0  CODE        2
                text19                         000F06  00000F  000F15      1E0C       0  CODE        2
                text55                         000F15  000010  000F25      1E2A       0  CODE        2
                text2                          000F25  000015  000F3A      1E4A       0  CODE        2
                text40                         000F3A  000016  000F50      1E74       0  CODE        2
                text16                         000F50  000017  000F67      1EA0       0  CODE        2
                text45                         000F67  00001A  000F81      1ECE       0  CODE        2
                text15                         000F81  00001C  000F9D      1F02       0  CODE        2
                text25                         000F9D  00001D  000FBA      1F3A       0  CODE        2
                text4                          000FBA  000020  000FDA      1F74       0  CODE        2
                text6                          000FDA  000026  001000      1FB4       0  CODE        2
                stringtext3                    001000  00018C  00118C      2000       0  STRCODE     2


UNUSED ADDRESS RANGES

        Name                Unused          Largest block    Delta
        BANK0            0006B-0006F               5           1
        BANK1            000B1-000EF              3F           1
        BANK10           00520-0056F              50           1
        BANK11           005A0-005EF              50           1
        BANK12           00620-0064F              30           1
        BANK2            00120-0016F              50           1
        BANK3            001A0-001EF              50           1
        BANK4            00220-0026F              50           1
        BANK5            002A0-002EF              50           1
        BANK6            00320-0036F              50           1
        BANK7            003A0-003EF              50           1
        BANK8            00420-0046F              50           1
        BANK9            004A0-004EF              50           1
        BIGRAM           02000-023EF             3F0           1
        CODE             00002-00003               2           2
                         007FE-00E69               2
                         0118C-01FFF             674
        COMMON           0007B-0007D               3           1
        CONST            00002-00003               2           2
                         007FE-00E69             100
                         0118C-01FFF             100
        ENTRY            00002-00003               2           2
                         007FE-00E69             100
                         0118C-01FFF             100
        IDLOC            08000-08003               4           2
        RAM              0006B-0006F               5           1
                         000B1-000EF              3F
                         00120-0016F              50
                         001A0-001EF              50
                         00220-0026F              50
                         002A0-002EF              50
                         00320-0036F              50
                         003A0-003EF              50
                         00420-0046F              50
                         004A0-004EF              50
                         00520-0056F              50
                         005A0-005EF              50
                         00620-0064F              30
        SFR0             00000-0001F              20           1
        SFR1             00080-0009F              20           1
        SFR10            00500-0051F              20           1
        SFR11            00580-0059F              20           1
        SFR12            00600-0061F              20           1
        SFR13            00680-006EF              70           1
        SFR14            00700-0076F              70           1
        SFR15            00780-007EF              70           1
        SFR16            00800-0086F              70           1
        SFR17            00880-008EF              70           1
        SFR18            00900-0096F              70           1
        SFR19            00980-009EF              70           1
        SFR2             00100-0011F              20           1
        SFR20            00A00-00A6F              70           1
        SFR21            00A80-00AEF              70           1
        SFR22            00B00-00B6F              70           1
        SFR23            00B80-00BEF              70           1
        SFR24            00C00-00C6F              70           1
        SFR25            00C80-00CEF              70           1
        SFR26            00D00-00D6F              70           1
        SFR27            00D80-00DEF              70           1
        SFR28            00E00-00E6F              70           1
        SFR29            00E80-00EEF              70           1
        SFR3             00180-0019F              20           1
        SFR30            00F00-00F6F              70           1
        SFR31            00F80-00FEF              70           1
        SFR32            01000-0106F              70           1
        SFR33            01080-010EF              70           1
        SFR34            01100-0116F              70           1
        SFR35            01180-011EF              70           1
        SFR36            01200-0126F              70           1
        SFR37            01280-012EF              70           1
        SFR38            01300-0136F              70           1
        SFR39            01380-013EF              70           1
        SFR4             00200-0021F              20           1
        SFR40            01400-0146F              70           1
        SFR41            01480-014EF              70           1
        SFR42            01500-0156F              70           1
        SFR43            01580-015EF              70           1
        SFR44            01600-0166F              70           1
        SFR45            01680-016EF              70           1
        SFR46            01700-0176F              70           1
        SFR47            01780-017EF              70           1
        SFR48            01800-0186F              70           1
        SFR49            01880-018EF              70           1
        SFR5             00280-0029F              20           1
        SFR50            01900-0196F              70           1
        SFR51            01980-019EF              70           1
        SFR52            01A00-01A6F              70           1
        SFR53            01A80-01AEF              70           1
        SFR54            01B00-01B6F              70           1
        SFR55            01B80-01BEF              70           1
        SFR56            01C00-01C6F              70           1
        SFR57            01C80-01CEF              70           1
        SFR58            01D00-01D6F              70           1
        SFR59            01D80-01DEF              70           1
        SFR6             00300-0031F              20           1
        SFR60            01E00-01E6F              70           1
        SFR61            01E80-01EEF              70           1
        SFR62            01F00-01F6F              70           1
        SFR63            01F80-01FEF              70           1
        SFR7             00380-0039F              20           1
        SFR8             00400-0041F              20           1
        SFR9             00480-0049F              20           1
        STRCODE          00002-00003               2           2
                         007FE-00E69             66C
                         0118C-01FFF             E74
        STRING           00002-00003               2           2
                         007FE-00E69             100
                         0118C-01FFF             100

                                  Symbol Table

?___aldiv                                            cstackBANK0  00028
?___awdiv                                            cstackCOMMON 00073
?___awmod                                            cstackCOMMON 00073
?___lldiv                                            cstackBANK0  00028
?___llmod                                            cstackBANK0  00020
?___lmul                                             cstackBANK0  00020
?___lwdiv                                            cstackCOMMON 00073
?___lwmod                                            cstackCOMMON 00073
Delay_3_Seconds@i                                    cstackCOMMON 00075
EUSART1_FramingErrorCallbackRegister@callbackHandler cstackCOMMON 00073
EUSART1_OverrunErrorCallbackRegister@callbackHandler cstackCOMMON 00073
EUSART1_Write@txData                                 cstackCOMMON 00073
I2C1_EVENT_ERROR@retEventState                       cstackCOMMON 00070
I2C1_EVENT_NACK@retEventState                        cstackCOMMON 00070
I2C1_EVENT_RX@retEventState                          cstackCOMMON 00070
I2C1_EVENT_TX@retEventState                          cstackCOMMON 00070
I2C1_ErrorGet@retErrorState                          cstackCOMMON 00073
I2C1_Write@address                                   cstackCOMMON 00073
I2C1_Write@data                                      cstackCOMMON 00075
I2C1_Write@dataLength                                cstackCOMMON 00076
I2C1_Write@retStatus                                 cstackBANK0  00020
I2C1_WriteRead@address                               cstackBANK0  00020
I2C1_WriteRead@readData                              cstackBANK0  00025
I2C1_WriteRead@readLength                            cstackBANK0  00026
I2C1_WriteRead@retStatus                             cstackCOMMON 00073
I2C1_WriteRead@writeData                             cstackBANK0  00022
I2C1_WriteRead@writeLength                           cstackBANK0  00023
I2C_WaitComplete@timeout                             cstackCOMMON 00073
INT_SetInterruptHandler@InterruptHandler             cstackCOMMON 00073
MCP9808_ProcessTemperature@centi                     cstackBANK0  0003C
MCP9808_ProcessTemperature@raw                       cstackBANK0  00036
MCP9808_ProcessTemperature@temperature_raw           cstackBANK0  0003A
MCP9808_ReadTemperatureRaw@value                     cstackBANK0  00028
UART_WriteChar@c                                     cstackCOMMON 00074
UART_WriteString@text                                cstackCOMMON 00075
UART_WriteUInt16@buffer                              cstackBANK0  00025
UART_WriteUInt16@i                                   cstackBANK0  0002B
UART_WriteUInt16@value                               cstackBANK0  00023
UART_WriteUInt32@buffer                              cstackBANK0  00039
UART_WriteUInt32@i                                   cstackBANK0  00044
UART_WriteUInt32@value                               cstackBANK0  00035
VCNL4200_Initialize@ok                               cstackBANK0  00024
VCNL4200_ReadID@id                                   cstackBANK0  00029
VCNL4200_ReadRegister16@reg                          cstackCOMMON 00077
VCNL4200_ReadRegister16@value                        cstackBANK0  00028
VCNL4200_ReadSensors@ambient                         cstackBANK0  00035
VCNL4200_WriteRegister16@high                        cstackBANK0  00022
VCNL4200_WriteRegister16@low                         cstackBANK0  00021
VCNL4200_WriteRegister16@reg                         cstackBANK0  00023
_ANSELA                                              (abs)        01E8C
_ANSELB                                              (abs)        01E96
_ANSELC                                              (abs)        01EA0
_BAUD1CON                                            (abs)        00712
_BAUD1CONbits                                        (abs)        00712
_CLOCK_Initialize                                    text28       00EBD
_Delay_3_Seconds                                     text40       00F3A
_EUSART1_DefaultFramingErrorCallback                 (abs)        00000
_EUSART1_DefaultOverrunErrorCallback                 (abs)        00000
_EUSART1_FramingErrorCallbackRegister                text27       00ED1
_EUSART1_FramingErrorHandler                         bssBANK0     00051
_EUSART1_Initialize                                  text25       00F9D
_EUSART1_IsTxReady                                   text19       00F06
_EUSART1_IsTxReady$1143                              cstackCOMMON 00073
_EUSART1_OverrunErrorCallbackRegister                text26       00EDD
_EUSART1_OverrunErrorHandler                         bssBANK0     0004F
_EUSART1_Write                                       text18       00E79
_I2C1_Callback                                       bssBANK0     00063
_I2C1_CallbackRegister                               (abs)        00000
_I2C1_Close                                          text55       00F15
_I2C1_Deinitialize                                   (abs)        00000
_I2C1_ERROR_ISR                                      text44       00E71
_I2C1_EVENT_ERROR                                    text48       00E8A
_I2C1_EVENT_IDLE                                     text53       00E6D
_I2C1_EVENT_NACK                                     text49       00E84
_I2C1_EVENT_RESET                                    text46       00EB6
_I2C1_EVENT_RX                                       text50       0076C
_I2C1_EVENT_SEND_RD_ADDR                             text52       00EA8
_I2C1_EVENT_SEND_WR_ADDR                             text51       00E7E
_I2C1_EVENT_STOP                                     text47       00EAF
_I2C1_EVENT_TX                                       text54       0079B
_I2C1_ErrorEventHandler                              text45       00F67
_I2C1_ErrorGet                                       text34       00E90
_I2C1_EventHandler                                   text43       005F6
_I2C1_ISR                                            text42       00E75
_I2C1_Initialize                                     text24       00EF7
_I2C1_IsBusy                                         text33       00E6A
_I2C1_Read                                           (abs)        00000
_I2C1_Write                                          text6        00FDA
_I2C1_WriteRead                                      text31       00668
_I2C1_WriteStart                                     text32       00E96
_I2C_WaitComplete                                    text30       007C6
_INLVLA                                              (abs)        01E90
_INLVLB                                              (abs)        01E9A
_INLVLC                                              (abs)        01EA4
_INTCONbits                                          (abs)        0000B
_INTERRUPT_Initialize                                text22       00EC6
_INTERRUPT_InterruptManager                          intentry     00004
_INT_DefaultInterruptHandler                         (abs)        00000
_INT_InterruptHandler                                bssBANK0     00061
_INT_SetInterruptHandler                             text23       00E9C
_IOCAF                                               (abs)        01E93
_IOCAN                                               (abs)        01E92
_IOCAP                                               (abs)        01E91
_IOCBF                                               (abs)        01E9D
_IOCBN                                               (abs)        01E9C
_IOCBP                                               (abs)        01E9B
_IOCCF                                               (abs)        01EA7
_IOCCN                                               (abs)        01EA6
_IOCCP                                               (abs)        01EA5
_LATA                                                (abs)        00018
_LATB                                                (abs)        00019
_LATC                                                (abs)        0001A
_MCP9808_ProcessTemperature                          text35       001BE
_MCP9808_ReadTemperatureRaw                          text29       0057F
_ODCONA                                              (abs)        01E8E
_ODCONB                                              (abs)        01E98
_ODCONC                                              (abs)        01EA2
_OSCCON1                                             (abs)        0028D
_OSCCON3                                             (abs)        0028F
_OSCEN                                               (abs)        00291
_OSCFRQ                                              (abs)        00293
_OSCTUNE                                             (abs)        00292
_PIE5bits                                            (abs)        0009B
_PIN_MANAGER_Initialize                              text21       00500
_PIR0bits                                            (abs)        0008C
_PIR4bits                                            (abs)        00090
_PIR5bits                                            (abs)        00091
_RB4PPS                                              (abs)        01D98
_RB6PPS                                              (abs)        01D9A
_RC1REG                                              (abs)        0070C
_RC1STA                                              (abs)        00710
_RC1STAbits                                          (abs)        00710
_RC4PPS                                              (abs)        01DA0
_RX1PPS                                              (abs)        01E42
_SLRCONA                                             (abs)        01E8F
_SLRCONB                                             (abs)        01E99
_SLRCONC                                             (abs)        01EA3
_SP1BRGH                                             (abs)        0070F
_SP1BRGL                                             (abs)        0070E
_SSP1ADD                                             (abs)        0078D
_SSP1BUF                                             (abs)        0078C
_SSP1CLKPPS                                          (abs)        01E47
_SSP1CON1                                            (abs)        00790
_SSP1CON1bits                                        (abs)        00790
_SSP1CON2                                            (abs)        00791
_SSP1CON2bits                                        (abs)        00791
_SSP1CON3                                            (abs)        00792
_SSP1DATPPS                                          (abs)        01E48
_SSP1STAT                                            (abs)        0078F
_SSP1STATbits                                        (abs)        0078F
_SYSTEM_Initialize                                   text20       007EE
_TRISA                                               (abs)        00012
_TRISB                                               (abs)        00013
_TRISC                                               (abs)        00014
_TX1REG                                              (abs)        0070D
_TX1STA                                              (abs)        00711
_TX1STAbits                                          (abs)        00711
_UART_ClearScreen                                    text15       00F81
_UART_WriteChar                                      text17       00EE9
_UART_WriteLight                                     text8        0069F
_UART_WriteString                                    text16       00F50
_UART_WriteTemperature                               text7        0041F
_UART_WriteTemperature$890                           cstackBANK0  0002E
_UART_WriteUInt16                                    text12       0046D
_UART_WriteUInt32                                    text9        002B6
_VCNL4200_Initialize                                 text4        00FBA
_VCNL4200_ReadID                                     text2        00F25
_VCNL4200_ReadRegister16                             text3        00542
_VCNL4200_ReadSensors                                text1        0023F
_VCNL4200_WriteRegister16                            text5        00708
_WPUA                                                (abs)        01E8D
_WPUB                                                (abs)        01E97
_WPUC                                                (abs)        01EA1
__H__absolute__                                      __absolute__ 00000
__Habs1                                              abs1         00000
__Hbank0                                             bank0        00000
__Hbank1                                             bank1        00000
__Hbank10                                            bank10       00000
__Hbank11                                            bank11       00000
__Hbank12                                            bank12       00000
__Hbank13                                            bank13       00000
__Hbank14                                            bank14       00000
__Hbank15                                            bank15       00000
__Hbank16                                            bank16       00000
__Hbank17                                            bank17       00000
__Hbank18                                            bank18       00000
__Hbank19                                            bank19       00000
__Hbank2                                             bank2        00000
__Hbank20                                            bank20       00000
__Hbank21                                            bank21       00000
__Hbank22                                            bank22       00000
__Hbank23                                            bank23       00000
__Hbank24                                            bank24       00000
__Hbank25                                            bank25       00000
__Hbank26                                            bank26       00000
__Hbank27                                            bank27       00000
__Hbank28                                            bank28       00000
__Hbank29                                            bank29       00000
__Hbank3                                             bank3        00000
__Hbank30                                            bank30       00000
__Hbank31                                            bank31       00000
__Hbank32                                            bank32       00000
__Hbank33                                            bank33       00000
__Hbank34                                            bank34       00000
__Hbank35                                            bank35       00000
__Hbank36                                            bank36       00000
__Hbank37                                            bank37       00000
__Hbank38                                            bank38       00000
__Hbank39                                            bank39       00000
__Hbank4                                             bank4        00000
__Hbank40                                            bank40       00000
__Hbank41                                            bank41       00000
__Hbank42                                            bank42       00000
__Hbank43                                            bank43       00000
__Hbank44                                            bank44       00000
__Hbank45                                            bank45       00000
__Hbank46                                            bank46       00000
__Hbank47                                            bank47       00000
__Hbank48                                            bank48       00000
__Hbank49                                            bank49       00000
__Hbank5                                             bank5        00000
__Hbank50                                            bank50       00000
__Hbank51                                            bank51       00000
__Hbank52                                            bank52       00000
__Hbank53                                            bank53       00000
__Hbank54                                            bank54       00000
__Hbank55                                            bank55       00000
__Hbank56                                            bank56       00000
__Hbank57                                            bank57       00000
__Hbank58                                            bank58       00000
__Hbank59                                            bank59       00000
__Hbank6                                             bank6        00000
__Hbank60                                            bank60       00000
__Hbank61                                            bank61       00000
__Hbank62                                            bank62       00000
__Hbank63                                            bank63       00000
__Hbank7                                             bank7        00000
__Hbank8                                             bank8        00000
__Hbank9                                             bank9        00000
__Hbigram                                            bigram       00000
__HbssBANK0                                          bssBANK0     00000
__HbssBANK1                                          bssBANK1     00000
__HbssCOMMON                                         bssCOMMON    00000
__Hcinit                                             cinit        00041
__Hclrtext                                           clrtext      00000
__Hcode                                              code         00000
__Hcommon                                            common       00000
__Hconfig                                            config       0800C
__HcstackBANK0                                       cstackBANK0  00000
__HcstackCOMMON                                      cstackCOMMON 00000
__Heeprom_data                                       eeprom_data  00000
__Hend_init                                          end_init     0002A
__Hfunctab                                           functab      00000
__Hheap                                              heap         00000
__Hinit                                              init         00028
__Hintentry                                          intentry     00028
__Hmaintext                                          maintext     00000
__Hpowerup                                           powerup      00000
__Hram                                               ram          00000
__Hreset_vec                                         reset_vec    00002
__Hsfr0                                              sfr0         00000
__Hsfr1                                              sfr1         00000
__Hsfr10                                             sfr10        00000
__Hsfr11                                             sfr11        00000
__Hsfr12                                             sfr12        00000
__Hsfr13                                             sfr13        00000
__Hsfr14                                             sfr14        00000
__Hsfr15                                             sfr15        00000
__Hsfr16                                             sfr16        00000
__Hsfr17                                             sfr17        00000
__Hsfr18                                             sfr18        00000
__Hsfr19                                             sfr19        00000
__Hsfr2                                              sfr2         00000
__Hsfr20                                             sfr20        00000
__Hsfr21                                             sfr21        00000
__Hsfr22                                             sfr22        00000
__Hsfr23                                             sfr23        00000
__Hsfr24                                             sfr24        00000
__Hsfr25                                             sfr25        00000
__Hsfr26                                             sfr26        00000
__Hsfr27                                             sfr27        00000
__Hsfr28                                             sfr28        00000
__Hsfr29                                             sfr29        00000
__Hsfr3                                              sfr3         00000
__Hsfr30                                             sfr30        00000
__Hsfr31                                             sfr31        00000
__Hsfr32                                             sfr32        00000
__Hsfr33                                             sfr33        00000
__Hsfr34                                             sfr34        00000
__Hsfr35                                             sfr35        00000
__Hsfr36                                             sfr36        00000
__Hsfr37                                             sfr37        00000
__Hsfr38                                             sfr38        00000
__Hsfr39                                             sfr39        00000
__Hsfr4                                              sfr4         00000
__Hsfr40                                             sfr40        00000
__Hsfr41                                             sfr41        00000
__Hsfr42                                             sfr42        00000
__Hsfr43                                             sfr43        00000
__Hsfr44                                             sfr44        00000
__Hsfr45                                             sfr45        00000
__Hsfr46                                             sfr46        00000
__Hsfr47                                             sfr47        00000
__Hsfr48                                             sfr48        00000
__Hsfr49                                             sfr49        00000
__Hsfr5                                              sfr5         00000
__Hsfr50                                             sfr50        00000
__Hsfr51                                             sfr51        00000
__Hsfr52                                             sfr52        00000
__Hsfr53                                             sfr53        00000
__Hsfr54                                             sfr54        00000
__Hsfr55                                             sfr55        00000
__Hsfr56                                             sfr56        00000
__Hsfr57                                             sfr57        00000
__Hsfr58                                             sfr58        00000
__Hsfr59                                             sfr59        00000
__Hsfr6                                              sfr6         00000
__Hsfr60                                             sfr60        00000
__Hsfr61                                             sfr61        00000
__Hsfr62                                             sfr62        00000
__Hsfr63                                             sfr63        00000
__Hsfr7                                              sfr7         00000
__Hsfr8                                              sfr8         00000
__Hsfr9                                              sfr9         00000
__Hsivt                                              sivt         00028
__Hspace_0                                           (abs)        0118C
__Hspace_1                                           (abs)        000B1
__Hspace_2                                           (abs)        00000
__Hspace_3                                           (abs)        00000
__Hspace_4                                           (abs)        10013
__Hstack                                             stack        00000
__Hstrings                                           strings      00000
__Hstringtext1                                       stringtext1  00000
__Hstringtext10                                      stringtext10 00000
__Hstringtext11                                      stringtext11 00000
__Hstringtext12                                      stringtext12 00000
__Hstringtext13                                      stringtext13 00000
__Hstringtext14                                      stringtext14 00000
__Hstringtext15                                      stringtext15 00000
__Hstringtext16                                      stringtext16 00000
__Hstringtext17                                      stringtext17 00000
__Hstringtext18                                      stringtext18 00000
__Hstringtext19                                      stringtext19 00000
__Hstringtext2                                       stringtext2  00000
__Hstringtext20                                      stringtext20 00000
__Hstringtext21                                      stringtext21 00000
__Hstringtext22                                      stringtext22 00000
__Hstringtext3                                       stringtext3  00000
__Hstringtext4                                       stringtext4  00000
__Hstringtext5                                       stringtext5  00000
__Hstringtext6                                       stringtext6  00000
__Hstringtext7                                       stringtext7  00000
__Hstringtext8                                       stringtext8  00000
__Hstringtext9                                       stringtext9  00000
__Htext                                              text         00000
__L__absolute__                                      __absolute__ 00000
__Labs1                                              abs1         00000
__Lbank0                                             bank0        00000
__Lbank1                                             bank1        00000
__Lbank10                                            bank10       00000
__Lbank11                                            bank11       00000
__Lbank12                                            bank12       00000
__Lbank13                                            bank13       00000
__Lbank14                                            bank14       00000
__Lbank15                                            bank15       00000
__Lbank16                                            bank16       00000
__Lbank17                                            bank17       00000
__Lbank18                                            bank18       00000
__Lbank19                                            bank19       00000
__Lbank2                                             bank2        00000
__Lbank20                                            bank20       00000
__Lbank21                                            bank21       00000
__Lbank22                                            bank22       00000
__Lbank23                                            bank23       00000
__Lbank24                                            bank24       00000
__Lbank25                                            bank25       00000
__Lbank26                                            bank26       00000
__Lbank27                                            bank27       00000
__Lbank28                                            bank28       00000
__Lbank29                                            bank29       00000
__Lbank3                                             bank3        00000
__Lbank30                                            bank30       00000
__Lbank31                                            bank31       00000
__Lbank32                                            bank32       00000
__Lbank33                                            bank33       00000
__Lbank34                                            bank34       00000
__Lbank35                                            bank35       00000
__Lbank36                                            bank36       00000
__Lbank37                                            bank37       00000
__Lbank38                                            bank38       00000
__Lbank39                                            bank39       00000
__Lbank4                                             bank4        00000
__Lbank40                                            bank40       00000
__Lbank41                                            bank41       00000
__Lbank42                                            bank42       00000
__Lbank43                                            bank43       00000
__Lbank44                                            bank44       00000
__Lbank45                                            bank45       00000
__Lbank46                                            bank46       00000
__Lbank47                                            bank47       00000
__Lbank48                                            bank48       00000
__Lbank49                                            bank49       00000
__Lbank5                                             bank5        00000
__Lbank50                                            bank50       00000
__Lbank51                                            bank51       00000
__Lbank52                                            bank52       00000
__Lbank53                                            bank53       00000
__Lbank54                                            bank54       00000
__Lbank55                                            bank55       00000
__Lbank56                                            bank56       00000
__Lbank57                                            bank57       00000
__Lbank58                                            bank58       00000
__Lbank59                                            bank59       00000
__Lbank6                                             bank6        00000
__Lbank60                                            bank60       00000
__Lbank61                                            bank61       00000
__Lbank62                                            bank62       00000
__Lbank63                                            bank63       00000
__Lbank7                                             bank7        00000
__Lbank8                                             bank8        00000
__Lbank9                                             bank9        00000
__Lbigram                                            bigram       00000
__LbssBANK0                                          bssBANK0     00000
__LbssBANK1                                          bssBANK1     00000
__LbssCOMMON                                         bssCOMMON    00000
__Lcinit                                             cinit        0002A
__Lclrtext                                           clrtext      00000
__Lcode                                              code         00000
__Lcommon                                            common       00000
__Lconfig                                            config       00000
__LcstackBANK0                                       cstackBANK0  00000
__LcstackCOMMON                                      cstackCOMMON 00000
__Leeprom_data                                       eeprom_data  00000
__Lend_init                                          end_init     00028
__Lfunctab                                           functab      00000
__Lheap                                              heap         00000
__Linit                                              init         00028
__Lintentry                                          intentry     00004
__Lmaintext                                          maintext     00000
__Lpowerup                                           powerup      00000
__Lram                                               ram          00000
__Lreset_vec                                         reset_vec    00000
__Lsfr0                                              sfr0         00000
__Lsfr1                                              sfr1         00000
__Lsfr10                                             sfr10        00000
__Lsfr11                                             sfr11        00000
__Lsfr12                                             sfr12        00000
__Lsfr13                                             sfr13        00000
__Lsfr14                                             sfr14        00000
__Lsfr15                                             sfr15        00000
__Lsfr16                                             sfr16        00000
__Lsfr17                                             sfr17        00000
__Lsfr18                                             sfr18        00000
__Lsfr19                                             sfr19        00000
__Lsfr2                                              sfr2         00000
__Lsfr20                                             sfr20        00000
__Lsfr21                                             sfr21        00000
__Lsfr22                                             sfr22        00000
__Lsfr23                                             sfr23        00000
__Lsfr24                                             sfr24        00000
__Lsfr25                                             sfr25        00000
__Lsfr26                                             sfr26        00000
__Lsfr27                                             sfr27        00000
__Lsfr28                                             sfr28        00000
__Lsfr29                                             sfr29        00000
__Lsfr3                                              sfr3         00000
__Lsfr30                                             sfr30        00000
__Lsfr31                                             sfr31        00000
__Lsfr32                                             sfr32        00000
__Lsfr33                                             sfr33        00000
__Lsfr34                                             sfr34        00000
__Lsfr35                                             sfr35        00000
__Lsfr36                                             sfr36        00000
__Lsfr37                                             sfr37        00000
__Lsfr38                                             sfr38        00000
__Lsfr39                                             sfr39        00000
__Lsfr4                                              sfr4         00000
__Lsfr40                                             sfr40        00000
__Lsfr41                                             sfr41        00000
__Lsfr42                                             sfr42        00000
__Lsfr43                                             sfr43        00000
__Lsfr44                                             sfr44        00000
__Lsfr45                                             sfr45        00000
__Lsfr46                                             sfr46        00000
__Lsfr47                                             sfr47        00000
__Lsfr48                                             sfr48        00000
__Lsfr49                                             sfr49        00000
__Lsfr5                                              sfr5         00000
__Lsfr50                                             sfr50        00000
__Lsfr51                                             sfr51        00000
__Lsfr52                                             sfr52        00000
__Lsfr53                                             sfr53        00000
__Lsfr54                                             sfr54        00000
__Lsfr55                                             sfr55        00000
__Lsfr56                                             sfr56        00000
__Lsfr57                                             sfr57        00000
__Lsfr58                                             sfr58        00000
__Lsfr59                                             sfr59        00000
__Lsfr6                                              sfr6         00000
__Lsfr60                                             sfr60        00000
__Lsfr61                                             sfr61        00000
__Lsfr62                                             sfr62        00000
__Lsfr63                                             sfr63        00000
__Lsfr7                                              sfr7         00000
__Lsfr8                                              sfr8         00000
__Lsfr9                                              sfr9         00000
__Lsivt                                              sivt         00028
__Lspace_0                                           (abs)        00000
__Lspace_1                                           (abs)        00000
__Lspace_2                                           (abs)        00000
__Lspace_3                                           (abs)        00000
__Lspace_4                                           (abs)        00000
__Lstack                                             stack        00000
__Lstrings                                           strings      00000
__Lstringtext1                                       stringtext1  00000
__Lstringtext10                                      stringtext10 00000
__Lstringtext11                                      stringtext11 00000
__Lstringtext12                                      stringtext12 00000
__Lstringtext13                                      stringtext13 00000
__Lstringtext14                                      stringtext14 00000
__Lstringtext15                                      stringtext15 00000
__Lstringtext16                                      stringtext16 00000
__Lstringtext17                                      stringtext17 00000
__Lstringtext18                                      stringtext18 00000
__Lstringtext19                                      stringtext19 00000
__Lstringtext2                                       stringtext2  00000
__Lstringtext20                                      stringtext20 00000
__Lstringtext21                                      stringtext21 00000
__Lstringtext22                                      stringtext22 00000
__Lstringtext3                                       stringtext3  00000
__Lstringtext4                                       stringtext4  00000
__Lstringtext5                                       stringtext5  00000
__Lstringtext6                                       stringtext6  00000
__Lstringtext7                                       stringtext7  00000
__Lstringtext8                                       stringtext8  00000
__Lstringtext9                                       stringtext9  00000
__Ltext                                              text         00000
__S0                                                 (abs)        0118C
__S1                                                 (abs)        000B1
___aldiv                                             text39       00132
___aldiv@counter                                     cstackBANK0  00030
___aldiv@dividend                                    cstackBANK0  0002C
___aldiv@divisor                                     cstackBANK0  00028
___aldiv@quotient                                    cstackBANK0  00032
___aldiv@sign                                        cstackBANK0  00031
___awdiv                                             text38       00318
___awdiv@counter                                     cstackBANK0  00020
___awdiv@dividend                                    cstackCOMMON 00075
___awdiv@divisor                                     cstackCOMMON 00073
___awdiv@quotient                                    cstackBANK0  00022
___awdiv@sign                                        cstackBANK0  00021
___awmod                                             text37       003CD
___awmod@counter                                     cstackBANK0  00020
___awmod@dividend                                    cstackCOMMON 00075
___awmod@divisor                                     cstackCOMMON 00073
___awmod@sign                                        cstackBANK0  00021
___heap_hi                                           (abs)        00000
___heap_lo                                           (abs)        00000
___int_sp                                            stack        00000
___int_stack_hi                                      stack        00000
___int_stack_lo                                      stack        00000
___latbits                                           (abs)        00002
___lldiv                                             text11       00374
___lldiv@counter                                     cstackBANK0  00030
___lldiv@dividend                                    cstackBANK0  0002C
___lldiv@divisor                                     cstackBANK0  00028
___lldiv@quotient                                    cstackBANK0  00031
___llmod                                             text10       004B7
___llmod@counter                                     cstackCOMMON 00073
___llmod@dividend                                    cstackBANK0  00024
___llmod@divisor                                     cstackBANK0  00020
___lmul                                              text36       006D4
___lmul@multiplicand                                 cstackBANK0  00024
___lmul@multiplier                                   cstackBANK0  00020
___lmul@product                                      cstackCOMMON 00073
___lwdiv                                             text14       005BB
___lwdiv@counter                                     cstackBANK0  00020
___lwdiv@dividend                                    cstackCOMMON 00075
___lwdiv@divisor                                     cstackCOMMON 00073
___lwdiv@quotient                                    cstackBANK0  00021
___lwmod                                             text13       0073A
___lwmod@counter                                     cstackCOMMON 00077
___lwmod@dividend                                    cstackCOMMON 00075
___lwmod@divisor                                     cstackCOMMON 00073
___sp                                                stack        00000
___stack_hi                                          stack        00000
___stack_lo                                          stack        00000
___stackhi                                           (abs)        00000
___stacklo                                           (abs)        00000
__end_of_CLOCK_Initialize                            text28       00EC6
__end_of_Delay_3_Seconds                             text40       00F50
__end_of_EUSART1_FramingErrorCallbackRegister        text27       00EDD
__end_of_EUSART1_Initialize                          text25       00FBA
__end_of_EUSART1_IsTxReady                           text19       00F15
__end_of_EUSART1_OverrunErrorCallbackRegister        text26       00EE9
__end_of_EUSART1_Write                               text18       00E7E
__end_of_I2C1_Close                                  text55       00F25
__end_of_I2C1_ERROR_ISR                              text44       00E75
__end_of_I2C1_EVENT_ERROR                            text48       00E90
__end_of_I2C1_EVENT_IDLE                             text53       00E71
__end_of_I2C1_EVENT_NACK                             text49       00E8A
__end_of_I2C1_EVENT_RESET                            text46       00EBD
__end_of_I2C1_EVENT_RX                               text50       0079B
__end_of_I2C1_EVENT_SEND_RD_ADDR                     text52       00EAF
__end_of_I2C1_EVENT_SEND_WR_ADDR                     text51       00E84
__end_of_I2C1_EVENT_STOP                             text47       00EB6
__end_of_I2C1_EVENT_TX                               text54       007C6
__end_of_I2C1_ErrorEventHandler                      text45       00F81
__end_of_I2C1_ErrorGet                               text34       00E96
__end_of_I2C1_EventHandler                           text43       00631
__end_of_I2C1_Host                                   stringtext1  0111A
__end_of_I2C1_ISR                                    text42       00E79
__end_of_I2C1_Initialize                             text24       00F06
__end_of_I2C1_IsBusy                                 text33       00E6D
__end_of_I2C1_Write                                  text6        01000
__end_of_I2C1_WriteRead                              text31       0069F
__end_of_I2C1_WriteStart                             text32       00E9C
__end_of_I2C_WaitComplete                            text30       007EE
__end_of_INTERRUPT_Initialize                        text22       00ED1
__end_of_INTERRUPT_InterruptManager                  intentry     00028
__end_of_INT_SetInterruptHandler                     text23       00EA2
__end_of_MCP9808_ProcessTemperature                  text35       0023F
__end_of_MCP9808_ReadTemperatureRaw                  text29       005BB
__end_of_PIN_MANAGER_Initialize                      text21       00542
__end_of_SYSTEM_Initialize                           text20       007FE
__end_of_UART_ClearScreen                            text15       00F9D
__end_of_UART_WriteChar                              text17       00EF7
__end_of_UART_WriteLight                             text8        006D4
__end_of_UART_WriteString                            text16       00F67
__end_of_UART_WriteTemperature                       text7        0046D
__end_of_UART_WriteUInt16                            text12       004B7
__end_of_UART_WriteUInt32                            text9        00318
__end_of_VCNL4200_Initialize                         text4        00FDA
__end_of_VCNL4200_ReadID                             text2        00F3A
__end_of_VCNL4200_ReadRegister16                     text3        0057F
__end_of_VCNL4200_ReadSensors                        text1        002B6
__end_of_VCNL4200_WriteRegister16                    text5        0073A
__end_of___aldiv                                     text39       001BE
__end_of___awdiv                                     text38       00374
__end_of___awmod                                     text37       0041F
__end_of___lldiv                                     text11       003CD
__end_of___llmod                                     text10       00500
__end_of___lmul                                      text36       00708
__end_of___lwdiv                                     text14       005F6
__end_of___lwmod                                     text13       0076C
__end_of__initialization                             cinit        0003D
__end_of_i2c1_eventTable                             stringtext2  00643
__end_of_main                                        maintext     00132
__initialization                                     cinit        0002A
__pbssBANK0                                          bssBANK0     00047
__pbssBANK1                                          bssBANK1     000A0
__pbssCOMMON                                         bssCOMMON    00078
__pcstackBANK0                                       cstackBANK0  00020
__pcstackCOMMON                                      cstackCOMMON 00070
__pintentry                                          intentry     00004
__pmaintext                                          maintext     00041
__pstringtext1                                       stringtext1  01106
__pstringtext10                                      stringtext10 010DC
__pstringtext11                                      stringtext11 010F1
__pstringtext12                                      stringtext12 0111A
__pstringtext13                                      stringtext13 0112C
__pstringtext14                                      stringtext14 0113E
__pstringtext15                                      stringtext15 0114D
__pstringtext16                                      stringtext16 0115C
__pstringtext17                                      stringtext17 0116A
__pstringtext18                                      stringtext18 01177
__pstringtext19                                      stringtext19 0117E
__pstringtext2                                       stringtext2  00631
__pstringtext20                                      stringtext20 01184
__pstringtext21                                      stringtext21 01189
__pstringtext22                                      stringtext22 00000
__pstringtext3                                       stringtext3  01000
__pstringtext4                                       stringtext4  01025
__pstringtext5                                       stringtext5  01048
__pstringtext6                                       stringtext6  0106B
__pstringtext7                                       stringtext7  0108B
__pstringtext8                                       stringtext8  010A7
__pstringtext9                                       stringtext9  010C3
__ptext1                                             text1        0023F
__ptext10                                            text10       004B7
__ptext11                                            text11       00374
__ptext12                                            text12       0046D
__ptext13                                            text13       0073A
__ptext14                                            text14       005BB
__ptext15                                            text15       00F81
__ptext16                                            text16       00F50
__ptext17                                            text17       00EE9
__ptext18                                            text18       00E79
__ptext19                                            text19       00F06
__ptext2                                             text2        00F25
__ptext20                                            text20       007EE
__ptext21                                            text21       00500
__ptext22                                            text22       00EC6
__ptext23                                            text23       00E9C
__ptext24                                            text24       00EF7
__ptext25                                            text25       00F9D
__ptext26                                            text26       00EDD
__ptext27                                            text27       00ED1
__ptext28                                            text28       00EBD
__ptext29                                            text29       0057F
__ptext3                                             text3        00542
__ptext30                                            text30       007C6
__ptext31                                            text31       00668
__ptext32                                            text32       00E96
__ptext33                                            text33       00E6A
__ptext34                                            text34       00E90
__ptext35                                            text35       001BE
__ptext36                                            text36       006D4
__ptext37                                            text37       003CD
__ptext38                                            text38       00318
__ptext39                                            text39       00132
__ptext4                                             text4        00FBA
__ptext40                                            text40       00F3A
__ptext42                                            text42       00E75
__ptext43                                            text43       005F6
__ptext44                                            text44       00E71
__ptext45                                            text45       00F67
__ptext46                                            text46       00EB6
__ptext47                                            text47       00EAF
__ptext48                                            text48       00E8A
__ptext49                                            text49       00E84
__ptext5                                             text5        00708
__ptext50                                            text50       0076C
__ptext51                                            text51       00E7E
__ptext52                                            text52       00EA8
__ptext53                                            text53       00E6D
__ptext54                                            text54       0079B
__ptext55                                            text55       00F15
__ptext6                                             text6        00FDA
__ptext7                                             text7        0041F
__ptext8                                             text8        0069F
__ptext9                                             text9        002B6
_eusart1RxLastError                                  bssBANK1     000AD
_i2c1Status                                          bssBANK1     000A0
_i2c1_eventTable                                     stringtext2  00631
_i2c_read_buffer                                     bssCOMMON    00079
_i2c_write_buffer                                    bssBANK0     00068
_main                                                maintext     00041
_mcp9808_error                                       bssCOMMON    00078
_mcp9808_ok                                          bssBANK0     00067
_mcp9808_temperature                                 bssBANK0     0005F
_mcp9808_temperature_centi                           bssBANK0     0005D
_mcp9808_temperature_decimal                         bssBANK0     00059
_mcp9808_temperature_integer                         bssBANK0     0005B
_vcnl4200_ambient_light                              bssBANK0     00057
_vcnl4200_error                                      bssBANK0     00065
_vcnl4200_id_data                                    bssBANK0     00053
_vcnl4200_lux_decimal                                bssBANK0     00055
_vcnl4200_lux_integer                                bssBANK0     00047
_vcnl4200_lux_millilux                               bssBANK0     0004B
_vcnl4200_ok                                         bssBANK0     00066
_vcnl4200_proximity                                  bssBANK1     000AF
btemp                                                (abs)        0007E
btemp0                                               (abs)        0007E
btemp1                                               (abs)        0007F
clear_ram0                                           clrtext      00EA2
end_of_initialization                                cinit        0003D
int$flags                                            (abs)        0007E
intlevel0                                            functab      00000
intlevel1                                            functab      00000
intlevel2                                            functab      00000
intlevel3                                            functab      00000
intlevel4                                            functab      00000
intlevel5                                            functab      00000
ltemp0a                                              (abs)        00080
main@mcp9808_raw_temperature                         cstackBANK0  00045
reset_vec                                            reset_vec    00000
start                                                init         00028
start_initialization                                 cinit        0002A
ttemp0a                                              (abs)        0007F
wtemp0                                               (abs)        0007E
wtemp0a                                              (abs)        0007F


MODULE INFORMATION

Module		Function		Class		Link	Load	Size
C:\Program Files\Microchip\xc8\v3.10\pic\sources\c99\common\lwmod.c
		___lwmod       		CODE           	073A	0000	50

C:\Program Files\Microchip\xc8\v3.10\pic\sources\c99\common\lwmod.c estimated size: 50

C:\Program Files\Microchip\xc8\v3.10\pic\sources\c99\common\awmod.c
		___awmod       		CODE           	03CD	0000	82

C:\Program Files\Microchip\xc8\v3.10\pic\sources\c99\common\awmod.c estimated size: 82

C:\Program Files\Microchip\xc8\v3.10\pic\sources\c99\common\llmod.c
		___llmod       		CODE           	04B7	0000	73

C:\Program Files\Microchip\xc8\v3.10\pic\sources\c99\common\llmod.c estimated size: 73

C:\Program Files\Microchip\xc8\v3.10\pic\sources\c99\common\Umul32.c
		___lmul        		CODE           	06D4	0000	52

C:\Program Files\Microchip\xc8\v3.10\pic\sources\c99\common\Umul32.c estimated size: 52

mcc_generated_files/system/src/interrupt.c
		_INT_SetInterruptHandler		CODE           	0E9C	0000	6
		_INTERRUPT_Initialize		CODE           	0EC6	0000	11
		_INTERRUPT_InterruptManager		CODE           	0004	0000	36

mcc_generated_files/system/src/interrupt.c estimated size: 53

mcc_generated_files/i2c_host/src/mssp1.c
		_I2C1_EVENT_SEND_WR_ADDR		CODE           	0E7E	0000	6
		_I2C1_ErrorEventHandler		CODE           	0F67	0000	26
		_I2C1_EVENT_RESET		CODE           	0EB6	0000	7
		_I2C1_EVENT_ERROR		CODE           	0E8A	0000	6
		_I2C1_WriteStart		CODE           	0E96	0000	6
		_I2C1_EVENT_RX 		CODE           	076C	0000	47
		_I2C1_EVENT_TX 		CODE           	079B	0000	43
		_I2C1_ISR      		CODE           	0E75	0000	4
		_I2C1_EventHandler		CODE           	05F6	0000	59
		_I2C1_IsBusy   		CODE           	0E6A	0000	3
		_I2C1_EVENT_IDLE		CODE           	0E6D	0000	4
		_I2C1_EVENT_NACK		CODE           	0E84	0000	6
		_I2C1_ErrorGet 		CODE           	0E90	0000	6
		_I2C1_EVENT_SEND_RD_ADDR		CODE           	0EA8	0000	7
		_I2C1_EVENT_STOP		CODE           	0EAF	0000	7
		_I2C1_Initialize		CODE           	0EF7	0000	15
		_I2C1_Close    		CODE           	0F15	0000	16
		_I2C1_ERROR_ISR		CODE           	0E71	0000	4
		_I2C1_Write    		CODE           	0FDA	0000	38
		_I2C1_WriteRead		CODE           	0668	0000	55

mcc_generated_files/i2c_host/src/mssp1.c estimated size: 365

C:\Program Files\Microchip\xc8\v3.10\pic\sources\c99\common\lwdiv.c
		___lwdiv       		CODE           	05BB	0000	59

C:\Program Files\Microchip\xc8\v3.10\pic\sources\c99\common\lwdiv.c estimated size: 59

C:\Program Files\Microchip\xc8\v3.10\pic\sources\c99\common\awdiv.c
		___awdiv       		CODE           	0318	0000	92

C:\Program Files\Microchip\xc8\v3.10\pic\sources\c99\common\awdiv.c estimated size: 92

C:\Program Files\Microchip\xc8\v3.10\pic\sources\c99\common\aldiv.c
		___aldiv       		CODE           	0132	0000	140

C:\Program Files\Microchip\xc8\v3.10\pic\sources\c99\common\aldiv.c estimated size: 140

mcc_generated_files/system/src/pins.c
		_PIN_MANAGER_Initialize		CODE           	0500	0000	66

mcc_generated_files/system/src/pins.c estimated size: 66

shared
		__initialization		CODE           	002A	0000	19
		_I2C1_Host     		STRCODE        	0000	0000	0
		_i2c1_eventTable		STRCODE        	0631	0000	18

shared estimated size: 37

C:\Program Files\Microchip\xc8\v3.10\pic\sources\c99\common\__lldiv.c
		___lldiv       		CODE           	0374	0000	89

C:\Program Files\Microchip\xc8\v3.10\pic\sources\c99\common\__lldiv.c estimated size: 89

mcc_generated_files/system/src/clock.c
		_CLOCK_Initialize		CODE           	0EBD	0000	9

mcc_generated_files/system/src/clock.c estimated size: 9

main.c
		_VCNL4200_ReadSensors		CODE           	023F	0000	119
		_MCP9808_ReadTemperatureRaw		CODE           	057F	0000	60
		_UART_WriteChar		CODE           	0EE9	0000	14
		_VCNL4200_WriteRegister16		CODE           	0708	0000	50
		_Delay_3_Seconds		CODE           	0F3A	0000	22
		_MCP9808_ProcessTemperature		CODE           	01BE	0000	129
		_main          		CODE           	0041	0000	241
		_UART_WriteLight		CODE           	069F	0000	53
		_VCNL4200_ReadRegister16		CODE           	0542	0000	61
		_UART_WriteUInt32		CODE           	02B6	0000	98
		_UART_WriteUInt16		CODE           	046D	0000	74
		_I2C_WaitComplete		CODE           	07C6	0000	40
		_VCNL4200_Initialize		CODE           	0FBA	0000	32
		_UART_WriteTemperature		CODE           	041F	0000	78
		_VCNL4200_ReadID		CODE           	0F25	0000	21
		_UART_ClearScreen		CODE           	0F81	0000	28
		_UART_WriteString		CODE           	0F50	0000	23

main.c estimated size: 1143

mcc_generated_files/uart/src/eusart1.c
		_EUSART1_Initialize		CODE           	0F9D	0000	29
		_EUSART1_Write 		CODE           	0E79	0000	5
		_EUSART1_FramingErrorCallbackRegister		CODE           	0ED1	0000	12
		_EUSART1_IsTxReady		CODE           	0F06	0000	15
		_EUSART1_OverrunErrorCallbackRegister		CODE           	0EDD	0000	12

mcc_generated_files/uart/src/eusart1.c estimated size: 73

mcc_generated_files/system/src/system.c
		_SYSTEM_Initialize		CODE           	07EE	0000	16

mcc_generated_files/system/src/system.c estimated size: 16

